+ ls -la /dev/mem
crw-r-----  1 root kmem 0x10 Feb 10 10:51 /dev/mem
+ dd 'if=/dev/mem' 'bs=4' 'count=1' 'skip=1065353216'
+ hexdump -C
00000000  ff ff ff ff                                       |....|
00000004
+ devinfo -r
nexus0
  efirtc0
  smbios0
  cryptosoft0
  aesni0
  ram0
      I/O memory addresses:
          0x0-0x57fff
          0x59000-0x9efff
          0x100000-0xc6e22fff
          0xc72e1000-0xdadcbfff
          0xdbafe000-0xdbafefff
          0x100000000-0x21e7fffff
  apic0
      I/O memory addresses:
          0xfec00000-0xfec0001f
  acpi0
      Interrupt request lines:
          0x9
      I/O ports:
          0x2e-0x2f
          0x4e-0x4f
          0x61
          0x63
          0x65
          0x67
          0x70
          0x80
          0x92
          0xb2-0xb3
          0x680-0x69f
          0x164e-0x164f
          0x1800-0x18fe
          0xffff
      I/O memory addresses:
          0xf7fe0000-0xf7feffff
          0xf7ff0000-0xf7ffffff
          0xf8000000-0xfbffffff
          0xfe102000-0xfe102fff
          0xfe104000-0xfe104fff
          0xfe106000-0xfe106fff
          0xfed10000-0xfed17fff
          0xfed18000-0xfed18fff
          0xfed19000-0xfed19fff
          0xfed1c000-0xfed1ffff
          0xfed20000-0xfed3ffff
          0xfed45000-0xfed8ffff
          0xfed90000-0xfed93fff
          0xfee00000-0xfeefffff
          0xff000000-0xffffffff
    cpu0
      acpi_perf0
      est0
      cpufreq0
    cpu2
      acpi_perf2
      est2
      cpufreq2
    cpu1
      acpi_perf1
      est1
      cpufreq1
    cpu3
      acpi_perf3
      est3
      cpufreq3
    pcib0
        I/O ports:
            0xcf8-0xcff
      pci0
          PCI domain 0 bus numbers:
              0
        hostb0
        vgapci0
            Interrupt request lines:
                0x32
            I/O ports:
                0xf000-0xf03f
            I/O memory addresses:
                0xe0000000-0xefffffff
                0xf6000000-0xf6ffffff
          drmn0
                lkpi_iic4
                  iicbus4
                    iic4
                lkpi_iic5
                  iicbus5
                    iic5
            lkpi_iic0
              iicbus0
                iic0
            lkpi_iic1
              iicbus1
                iic1
            lkpi_iic2
              iicbus2
                iic2
            lkpi_iic3
              iicbus3
                iic3
        xhci0
            Interrupt request lines:
                0x30
            I/O memory addresses:
                0xf7200000-0xf720ffff
          usbus0
            uhub0
              usbhid0
                hidbus0
                  hmt0
              umass0
              ubt0
        pcib1
            I/O memory addresses:
                0xf7100000-0xf71fffff
            PCI domain 0 bus numbers:
                1
          pci1
              pcib1 bus numbers:
                  1
            rtsx0
                Interrupt request lines:
                    0x33
                pcib1 memory window:
                    0xf7100000-0xf7100fff
        pcib2
            I/O memory addresses:
                0xf7000000-0xf70fffff
            PCI domain 0 bus numbers:
                2
          pci2
              pcib2 bus numbers:
                  2
            iwlwifi0
                Interrupt request lines:
                    0x34
                    0x35
                    0x36
                    0x37
                    0x38
                    0x39
                pcib2 memory window:
                    0xf7000000-0xf7003fff
        isab0
          isa0
        ahci0
            Interrupt request lines:
                0x31
            I/O ports:
                0xf060-0xf07f
                0xf080-0xf083
                0xf090-0xf097
                0xf0a0-0xf0a3
                0xf0b0-0xf0b7
            I/O memory addresses:
                0xf721e000-0xf721e7ff
          ahcich3
              I/O memory addresses:
                  0xf721e280-0xf721e2ff
        ichsmb0
            Interrupt request lines:
                0x12
            I/O ports:
                0xf040-0xf05f
            I/O memory addresses:
                0xf721d000-0xf721d0ff
          smbus0
        pchtherm0
            I/O memory addresses:
                0xf721c000-0xf721cfff
    atdma0
        DMA request lines:
            4
        I/O ports:
            0x0-0x1f
            0x81-0x91
            0x93-0x9f
            0xc0-0xdf
    hpet0
        Interrupt request lines:
            0x28
            0x29
            0x2a
            0x2b
            0x2c
            0x2d
            0x2e
            0x2f
        I/O memory addresses:
            0xfed00000-0xfed003ff
    acpi_sysresource0
    atrtc0
        Interrupt request lines:
            0x8
    attimer0
        Interrupt request lines:
            0x0
        I/O ports:
            0x40-0x43
            0x50-0x53
    acpi_sysresource1
    acpi_ec0
        I/O ports:
            0x930
            0x934
    atkbdc0
        Interrupt request lines:
            0x1
        I/O ports:
            0x60
            0x64
      atkbd0
      psm0
          Interrupt request lines:
              0xc
    psmcpnp0
    acpi_sysresource2
    acpi_sysresource3
    pci_link0
    pci_link1
    pci_link2
    pci_link3
    pci_link4
    pci_link5
    pci_link6
    pci_link7
    acpi_wmi0
    acpi_lid0
    acpi_button0
    acpi_button1
    acpi_acad0
    battery0
    acpi_sysresource4
    acpi_tz0
    acpi_tz1
    acpi_tz2
    acpi_timer0
        ACPI I/O ports:
            0x1808-0x180b
+ vmstat -m
+ head
            Type  Use Memory Req Size(s)
CAM I/O Scheduler    2   256    2 128
      CAM periph    6  1408   20 16,32,64,128,256
       CAM queue    7  4160   14 16,32,1024
   CAM dev queue    3   192    3 64
         CAM SIM    3   384    3 128
         CAM XPT   27  1936   54 16,32,128,256,512,1024,2048,65536
         CAM DEV    4  8192    6 2048
         CAM CCB    0     0   29 2048
        CAM path    6   192   32 32
+ sysctl dev.drm
dev.drm.0.PCI_ID: 8086:1616
dev.drm.128.PCI_ID: 8086:1616
dev.drm.drm_debug_persist: 0
dev.drm.skip_ddb: 0
dev.drm.__drm_debug: 0
+ mixer
mixer: (null): no such mixer
+ kldstat
Id Refs Address                Size Name
 1  137 0xffffffff80200000  1f4daa0 kernel
 2    1 0xffffffff8214f000   620c10 zfs.ko
 3    1 0xffffffff84800000   210318 i915kms.ko
 4    2 0xffffffff84609000    8a190 drm.ko
 5    1 0xffffffff84694000     22b8 iic.ko
 6    2 0xffffffff84697000     4120 linuxkpi_video.ko
 7    3 0xffffffff8469c000     7358 dmabuf.ko
 8    3 0xffffffff846a4000     3378 lindebugfs.ko
 9    1 0xffffffff846a8000     b480 ttm.ko
10    1 0xffffffff846b4000     3390 acpi_wmi.ko
11    1 0xffffffff846b8000     3355 hmt.ko
12    1 0xffffffff846bc000     22cc hconf.ko
13    1 0xffffffff846bf000     4250 ichsmb.ko
14    1 0xffffffff846c4000     2178 smbus.ko
15    1 0xffffffff846c7000    c74a0 if_iwlwifi.ko
16    1 0xffffffff8478f000    181b0 if_iwx.ko
17    1 0xffffffff847a8000     6210 ig4.ko
18    1 0xffffffff847af000     2110 pchtherm.ko
19    1 0xffffffff847b2000     d200 rtsx.ko
20    1 0xffffffff847c0000    32320 linux.ko
21    2 0xffffffff847f3000     6d98 mqueuefs.ko
22    4 0xffffffff84a11000     ce68 linux_common.ko
23    1 0xffffffff84a1e000    2e3f0 linux64.ko
24    1 0xffffffff847fa000     2278 pty.ko
25    1 0xffffffff84a4d000     3570 fdescfs.ko
26    1 0xffffffff84a51000     73c0 linprocfs.ko
27    1 0xffffffff84a59000     440c linsysfs.ko
28    1 0xffffffff84a5e000     6710 cuse.ko
29    1 0xffffffff84a65000     58c0 ng_ubt.ko
30    7 0xffffffff84a6b000     abb8 netgraph.ko
31    3 0xffffffff84a76000     a330 ng_hci.ko
32    4 0xffffffff847fd000     2670 ng_bluetooth.ko
33    1 0xffffffff84a81000     e4a8 ng_l2cap.ko
34    1 0xffffffff84a90000    1c0c8 ng_btsocket.ko
35    1 0xffffffff84aad000     3908 ng_socket.ko
36    1 0xffffffff84ab1000     2a80 mac_ntpd.ko
37    1 0xffffffff84ab4000     2630 nlsysevent.ko
38    1 0xffffffff84ab7000     8230 acpi_intel_sst.ko
+ lspci
00:00.0 Host bridge: Intel Corporation Broadwell-U Host Bridge -OPI (rev 09)
00:02.0 VGA compatible controller: Intel Corporation HD Graphics 5500 (rev 09)
00:03.0 Audio device: Intel Corporation Broadwell-U Audio Controller (rev 09)
00:04.0 Signal processing controller: Intel Corporation Broadwell-U Processor Thermal Subsystem (rev 09)
00:14.0 USB controller: Intel Corporation Wildcat Point-LP USB xHCI Controller (rev 03)
00:16.0 Communication controller: Intel Corporation Wildcat Point-LP MEI Controller #1 (rev 03)
00:1c.0 PCI bridge: Intel Corporation Wildcat Point-LP PCI Express Root Port #1 (rev e3)
00:1c.3 PCI bridge: Intel Corporation Wildcat Point-LP PCI Express Root Port #4 (rev e3)
00:1f.0 ISA bridge: Intel Corporation Wildcat Point-LP LPC Controller (rev 03)
00:1f.2 SATA controller: Intel Corporation Wildcat Point-LP SATA Controller [AHCI Mode] (rev 03)
00:1f.3 SMBus: Intel Corporation Wildcat Point-LP SMBus Controller (rev 03)
00:1f.6 Signal processing controller: Intel Corporation Wildcat Point-LP Thermal Management Controller (rev 03)
01:00.0 Unassigned class [ff00]: Realtek Semiconductor Co., Ltd. RTS5249 PCI Express Card Reader (rev 01)
02:00.0 Network controller: Intel Corporation Wi-Fi 6E(802.11ax) AX210/AX1675* 2x2 [Typhoon Peak] (rev 1a)
+ pciconf -lv
hostb0@pci0:0:0:0:	class=0x060000 rev=0x09 hdr=0x00 vendor=0x8086 device=0x1604 subvendor=0x1028 subdevice=0x0665
    vendor     = 'Intel Corporation'
    device     = 'Broadwell-U Host Bridge -OPI'
    class      = bridge
    subclass   = HOST-PCI
vgapci0@pci0:0:2:0:	class=0x030000 rev=0x09 hdr=0x00 vendor=0x8086 device=0x1616 subvendor=0x1028 subdevice=0x0665
    vendor     = 'Intel Corporation'
    device     = 'HD Graphics 5500'
    class      = display
    subclass   = VGA
hdac0@pci0:0:3:0:	class=0x040300 rev=0x09 hdr=0x00 vendor=0x8086 device=0x160c subvendor=0x1028 subdevice=0x0665
    vendor     = 'Intel Corporation'
    device     = 'Broadwell-U Audio Controller'
    class      = multimedia
    subclass   = HDA
none0@pci0:0:4:0:	class=0x118000 rev=0x09 hdr=0x00 vendor=0x8086 device=0x1603 subvendor=0x1028 subdevice=0x0665
    vendor     = 'Intel Corporation'
    device     = 'Broadwell-U Processor Thermal Subsystem'
    class      = dasp
xhci0@pci0:0:20:0:	class=0x0c0330 rev=0x03 hdr=0x00 vendor=0x8086 device=0x9cb1 subvendor=0x1028 subdevice=0x0665
    vendor     = 'Intel Corporation'
    device     = 'Wildcat Point-LP USB xHCI Controller'
    class      = serial bus
    subclass   = USB
none1@pci0:0:22:0:	class=0x078000 rev=0x03 hdr=0x00 vendor=0x8086 device=0x9cba subvendor=0x1028 subdevice=0x0665
    vendor     = 'Intel Corporation'
    device     = 'Wildcat Point-LP MEI Controller'
    class      = simple comms
pcib1@pci0:0:28:0:	class=0x060400 rev=0xe3 hdr=0x01 vendor=0x8086 device=0x9c90 subvendor=0x1028 subdevice=0x0665
    vendor     = 'Intel Corporation'
    device     = 'Wildcat Point-LP PCI Express Root Port'
    class      = bridge
    subclass   = PCI-PCI
pcib2@pci0:0:28:3:	class=0x060400 rev=0xe3 hdr=0x01 vendor=0x8086 device=0x9c96 subvendor=0x1028 subdevice=0x0665
    vendor     = 'Intel Corporation'
    device     = 'Wildcat Point-LP PCI Express Root Port'
    class      = bridge
    subclass   = PCI-PCI
isab0@pci0:0:31:0:	class=0x060100 rev=0x03 hdr=0x00 vendor=0x8086 device=0x9cc3 subvendor=0x1028 subdevice=0x0665
    vendor     = 'Intel Corporation'
    device     = 'Wildcat Point-LP LPC Controller'
    class      = bridge
    subclass   = PCI-ISA
ahci0@pci0:0:31:2:	class=0x010601 rev=0x03 hdr=0x00 vendor=0x8086 device=0x9c83 subvendor=0x1028 subdevice=0x0665
    vendor     = 'Intel Corporation'
    device     = 'Wildcat Point-LP SATA Controller [AHCI Mode]'
    class      = mass storage
    subclass   = SATA
ichsmb0@pci0:0:31:3:	class=0x0c0500 rev=0x03 hdr=0x00 vendor=0x8086 device=0x9ca2 subvendor=0x1028 subdevice=0x0665
    vendor     = 'Intel Corporation'
    device     = 'Wildcat Point-LP SMBus Controller'
    class      = serial bus
    subclass   = SMBus
pchtherm0@pci0:0:31:6:	class=0x118000 rev=0x03 hdr=0x00 vendor=0x8086 device=0x9ca4 subvendor=0x1028 subdevice=0x0665
    vendor     = 'Intel Corporation'
    device     = 'Wildcat Point-LP Thermal Management Controller'
    class      = dasp
rtsx0@pci0:1:0:0:	class=0xff0000 rev=0x01 hdr=0x00 vendor=0x10ec device=0x5249 subvendor=0x1028 subdevice=0x0665
    vendor     = 'Realtek Semiconductor Co., Ltd.'
    device     = 'RTS5249 PCI Express Card Reader'
iwlwifi0@pci0:2:0:0:	class=0x028000 rev=0x1a hdr=0x00 vendor=0x8086 device=0x2725 subvendor=0x8086 subdevice=0x0024
    vendor     = 'Intel Corporation'
    device     = 'Wi-Fi 6E(802.11ax) AX210/AX1675* 2x2 [Typhoon Peak]'
    class      = network
+ acpiconf
+ grep -i audio
+ devinfo -rv
+ grep -A10 acpi0
  acpi0 <DELL CBX3   >
      Interrupt request lines:
          0x9
      I/O ports:
          0x2e-0x2f
          0x4e-0x4f
          0x61
          0x63
          0x65
          0x67
          0x70
+ cat /boot/firmware/intel/IntcSST2.bin
+ hexdump -C
+ head
00000000  24 53 53 54 28 fb 03 00  08 00 00 00 fe 00 00 00  |$SST(...........|
00000010  00 00 00 00 00 00 00 00  00 00 00 00 00 00 00 00  |................|
00000020  24 53 53 54 48 fa 03 00  0f 00 00 00 ff ff 00 00  |$SSTH...........|
00000030  00 00 00 00 00 00 00 00  00 00 00 00 01 00 00 00  |................|
00000040  0c 01 00 00 00 00 00 00  00 00 00 00 06 0d 00 00  |................|
00000050  00 00 00 00 21 22 22 22  00 00 00 e0 83 00 00 00  |....!"""........|
00000060  00 00 00 00 f8 dd 01 00  80 de 01 00 3c df 01 00  |............<...|
00000070  b4 6a 48 00 64 e0 01 00  b8 6a 48 00 00 00 00 00  |.jH.d....jH.....|
00000080  00 00 00 00 0c 00 00 e4  13 21 f1 ff 30 eb 03 30  |.........!..0..0|
00000090  30 74 8c 22 cc 03 09 02  1c 53 30 63 13 20 61 00  |0t.".....S0c. a.|
+ cat /dev/sndstat
No devices installed.
No devices installed from userspace.
+ sysctl -a
kern.ostype: FreeBSD
kern.osrelease: 15.0-RELEASE-p2
kern.osrevision: 199506
kern.version: FreeBSD 15.0-RELEASE-p2 GENERIC

kern.maxvnodes: 313767
kern.maxproc: 13428
kern.maxfiles: 257235
kern.argmax: 524288
kern.securelevel: -1
kern.hostname: starlink
kern.hostid: 1821032077
kern.clockrate: { hz = 1000, tick = 1000, profhz = 8128, stathz = 127 }
kern.posix1version: 200809
kern.ngroups: 1023
kern.job_control: 1
kern.saved_ids: 0
kern.boottime: { sec = 1770720672, usec = 155941 } Tue Feb 10 10:51:12 2026
kern.domainname: 
kern.osreldate: 1500068
kern.bootfile: /boot/kernel/kernel
kern.maxfilesperproc: 231507
kern.maxprocperuid: 12085
kern.ipc.maxsockbuf: 8388608
kern.ipc.sockbuf_waste_factor: 8
kern.ipc.max_linkhdr: 40
kern.ipc.max_protohdr: 60
kern.ipc.max_hdr: 100
kern.ipc.sooverinterval: 60
kern.ipc.sooverprio: 7
kern.ipc.maxsockets: 257235
kern.ipc.splice.receive_stream: 1
kern.ipc.numopensockets: 63
kern.ipc.soacceptqueue: 128
kern.ipc.tls.toe.chacha20: 0
kern.ipc.tls.toe.gcm: 0
kern.ipc.tls.toe.cbc: 0
kern.ipc.tls.ifnet.permitted: 1
kern.ipc.tls.ifnet.reset_failed: 0
kern.ipc.tls.ifnet.reset_dropped: 0
kern.ipc.tls.ifnet.reset: 0
kern.ipc.tls.ifnet.chacha20: 0
kern.ipc.tls.ifnet.gcm: 0
kern.ipc.tls.ifnet.cbc: 0
kern.ipc.tls.sw.chacha20: 0
kern.ipc.tls.sw.gcm: 0
kern.ipc.tls.sw.cbc: 0
kern.ipc.tls.tasks_active: 0
kern.ipc.tls.max_reclaim: 1024
kern.ipc.tls.sw_buffer_cache: 1
kern.ipc.tls.cbc_enable: 1
kern.ipc.tls.enable: 1
kern.ipc.tls.ifnet_max_rexmit_pct: 2
kern.ipc.tls.maxlen: 16384
kern.ipc.tls.bind_threads: 0
kern.ipc.tls.stats.ocf.retries: 0
kern.ipc.tls.stats.ocf.separate_output: 0
kern.ipc.tls.stats.ocf.inplace: 0
kern.ipc.tls.stats.ocf.tls13_chacha20_encrypts: 0
kern.ipc.tls.stats.ocf.tls13_chacha20_decrypts: 0
kern.ipc.tls.stats.ocf.tls13_gcm_recrypts: 0
kern.ipc.tls.stats.ocf.tls13_gcm_encrypts: 0
kern.ipc.tls.stats.ocf.tls13_gcm_decrypts: 0
kern.ipc.tls.stats.ocf.tls12_chacha20_encrypts: 0
kern.ipc.tls.stats.ocf.tls12_chacha20_decrypts: 0
kern.ipc.tls.stats.ocf.tls12_gcm_recrypts: 0
kern.ipc.tls.stats.ocf.tls12_gcm_encrypts: 0
kern.ipc.tls.stats.ocf.tls12_gcm_decrypts: 0
kern.ipc.tls.stats.ocf.tls11_cbc_encrypts: 0
kern.ipc.tls.stats.ocf.tls11_cbc_decrypts: 0
kern.ipc.tls.stats.ocf.tls10_cbc_encrypts: 0
kern.ipc.tls.stats.destroy_task: 0
kern.ipc.tls.stats.ifnet_disable_ok: 0
kern.ipc.tls.stats.ifnet_disable_failed: 0
kern.ipc.tls.stats.switch_failed: 0
kern.ipc.tls.stats.switch_to_sw: 0
kern.ipc.tls.stats.switch_to_ifnet: 0
kern.ipc.tls.stats.failed_crypto: 0
kern.ipc.tls.stats.corrupted_records: 0
kern.ipc.tls.stats.active: 0
kern.ipc.tls.stats.enable_calls: 0
kern.ipc.tls.stats.offload_total: 0
kern.ipc.tls.stats.sw_rx_inqueue: 0
kern.ipc.tls.stats.sw_tx_inqueue: 0
kern.ipc.tls.stats.sw_tx_pending: 0
kern.ipc.tls.stats.threads: 0
kern.ipc.shm_allow_removed: 1
kern.ipc.shm_use_phys: 0
kern.ipc.shmall: 131072
kern.ipc.shmseg: 128
kern.ipc.shmmni: 192
kern.ipc.shmmin: 1
kern.ipc.shmmax: 536870912
kern.ipc.semaem: 16384
kern.ipc.semvmx: 32767
kern.ipc.semusz: 632
kern.ipc.semume: 50
kern.ipc.semopm: 100
kern.ipc.semmsl: 340
kern.ipc.semmnu: 150
kern.ipc.semmns: 340
kern.ipc.semmni: 50
kern.ipc.msgseg: 2048
kern.ipc.msgssz: 8
kern.ipc.msgtql: 40
kern.ipc.msgmnb: 2048
kern.ipc.msgmni: 40
kern.ipc.msgmax: 16384
kern.ipc.aio.lifetime: 30000
kern.ipc.aio.target_procs: 4
kern.ipc.aio.num_procs: 0
kern.ipc.aio.max_procs: 32
kern.ipc.aio.empty_retries: 0
kern.ipc.aio.empty_results: 0
kern.ipc.pipe_mindirect: 8192
kern.ipc.pipebuf_reserv: 2
kern.ipc.piperesizeallowed: 1
kern.ipc.piperesizefail: 0
kern.ipc.pipeallocfail: 0
kern.ipc.pipefragretry: 0
kern.ipc.pipekva: 266240
kern.ipc.maxpipekva: 131702784
kern.ipc.umtx_max_robust: 1000
kern.ipc.umtx_vnode_persistent: 0
kern.ipc.nmbufs: 3215195
kern.ipc.nmbjumbo16: 41864
kern.ipc.nmbjumbo9: 74425
kern.ipc.nmbjumbop: 251187
kern.ipc.nmbclusters: 502374
kern.ipc.num_snd_tags: 0
kern.ipc.maxmbufmem: 4115449856
kern.ipc.mb_use_ext_pgs: 1
kern.ps_strings: 20737709342032
kern.usrstack: 20737709342720
kern.logsigexit: 1
kern.iov_max: 1024
kern.hostuuid: 4c4c4544-0051-4210-804e-c6c04f523332
kern.maxphys: 1048576
kern.tty_pty_warningcnt: 1
kern.mqueue.curmq: 0
kern.mqueue.maxmq: 100
kern.mqueue.maxmsgsize: 16384
kern.mqueue.maxmsg: 100
kern.mqueue.default_msgsize: 1024
kern.mqueue.default_maxmsg: 10
kern.rpc.unenc.tx_msgcnt: 0
kern.rpc.unenc.tx_msgbytes: 0
kern.rpc.unenc.rx_msgcnt: 0
kern.rpc.unenc.rx_msgbytes: 0
kern.rpc.tls.tx_msgcnt: 0
kern.rpc.tls.tx_msgbytes: 0
kern.rpc.tls.rx_msgcnt: 0
kern.rpc.tls.rx_msgbytes: 0
kern.rpc.tls.handshake_success: 0
kern.rpc.tls.handshake_failed: 0
kern.rpc.tls.alerts: 0
kern.cryptodevallowsoft: 0
kern.crypto_workers_num: 4
kern.crypto.stats: 0 0 0 0 0 0 0 0
kern.crypto.allow_soft: 0
kern.crypto.num_workers: 4
kern.metadelay: 28
kern.dirdelay: 29
kern.filedelay: 30
kern.tty_nout: 685769
kern.tty_nin: 114
kern.tty_inq_flush_secure: 1
kern.tty_info_kstacks: 0
kern.tty_drainwait: 300
kern.trap_enotcap: 0
kern.smp.topology: 0
kern.smp.cores: 2
kern.smp.threads_per_core: 2
kern.smp.cpus: 4
kern.smp.disabled: 0
kern.smp.active: 1
kern.smp.maxcpus: 1024
kern.smp.maxid: 3
kern.msgbuf_clear: 0
kern.msgbuf: hdac0: Unexpected unsolicited response from address 0: 00000000
hdac0: Unexpected unsolicited response from address 0: 00000000
hdac0: Unexpected unsolicited response from address 0: 00000000
hdac0: Unexpected unsolicited response from address 0: 00000000
hdac0: Unexpected unsolicited response from address 0: 00000000
hdac0: Unexpected unsolicited response from address 0: 00000000
hdac0: Unexpected unsolicited response from address 0: 00000000
hdac0: Unexpected unsolicited response from address 0: 00000000
hdac0: Unexpected unsolicited response from address 0: 00000000
hdac0: Unexpected unsolicited response from address 0: 00000000
hdac0: Unexpected unsolicited response from address 0: 00000000
hdac0: Unexpected unsolicited response from address 0: 00000000
hdac0: Unexpected unsolicited response from address 0: 00000000
hdac0: Unexpected unsolicited response from address 0: 00000000
hdac0: Unexpected unsolicited response from address 0: 00000000
hdac0: Unexpected unsolicited response from address 0: 00000000
hdac0: Unexpected unsolicited response from address 0: 00000000
hdac0: Unexpected unsolicited response from address 0: 00000000
hdac0: Unexpected unsolicited response from address 0: 00000000
hdac0: Unexpected unsolicited response from address 0: 00000000
hdac0: Unexpected unsolicited response from address 0: 00000000
hdac0: Unexpected unsolicited response from address 0: 00000000
hdac0: Unexpected unsolicited response from address 0: 00000000
hdac0: Unexpected unsolicited response from address 0: 00000000
hdac0: Unexpected unsolicited response from address 0: 00000000
hdac0: Unexpected unsolicited response from address 0: 00000000
hdac0: Unexpected unsolicited response from address 0: 00000000
hdac0: Unexpected unsolicited response from address 0: 00000000
hdac0: Unexpected unsolicited response from address 0: 00000000
hdac0: Unexpected unsolicited response from address 0: 00000000
hdac0: Unexpected unsolicited response from address 0: 00000000
hdac0: Unexpected unsolicited response from address 0: 00000000
hdac0: Unexpected unsolicited response from address 0: 00000000
hdac0: Unexpected unsolicited response from address 0: 00000000
hdac0: Unexpected unsolicited response from address 0: 00000000
hdac0: Unexpected unsolicited response from address 0: 00000000
hdac0: Unexpected unsolicited response from address 0: 00000000
hdac0: Unexpected unsolicited response from address 0: 00000000
hdac0: Unexpected unsolicited response from address 0: 00000000
hdac0: Unexpected unsolicited response from address 0: 00000000
hdac0: Unexpected unsolicited response from address 0: 00000000
hdac0: Unexpected unsolicited response from address 0: 00000000
hdac0: Unexpected unsolicited response from address 0: 00000000
hdac0: Unexpected unsolicited response from address 0: 00000000
hdac0: Unexpected unsolicited response from address 0: 00000000
hdac0: Unexpected unsolicited response from address 0: 00000000
hdac0: Unexpected unsolicited response from address 0: 00000000
hdac0: Unexpected unsolicited response from address 0: 00000000
hdac0: Unexpected unsolicited response from address 0: 00000000
hdac0: Unexpected unsolicited response from address 0: 00000000
hdac0: Unexpected unsolicited response from address 0: 00000000
hdac0: Unexpected unsolicited response from address 0: 00000000
hdac0: Unexpected unsolicited response from address 0: 00000000
hdac0: Unexpected unsolicited response from address 0: 00000000
hdac0: Unexpected unsolicited response from address 0: 00000000
hdac0: Unexpected unsolicited response from address 0: 00000000
hdac0: Unexpected unsolicited response from address 0: 00000000
hdac0: Unexpected unsolicited response from address 0: 00000000
hdac0: Unexpected unsolicited response from address 0: 00000000
hdac0: Unexpected unsolicited response from address 0: 00000000
hdac0: Unexpected unsolicited response from address 0: 00000000
hdac0: Unexpected unsolicited response from address 0: 00000000
hdac0: Unexpected unsolicited response from address 0: 00000000
hdac0: Unexpected unsolicited response from address 0: 00000000
hdac0: Unexpected unsolicited response from address 0: 00000000
hdac0: Unexpected unsolicited response from address 0: 00000000
hdac0: Unexpected unsolicited response from address 0: 00000000
hdac0: Unexpected unsolicited response from address 0: 00000000
hdac0: Unexpected unsolicited response from address 0: 00000000
hdac0: Unexpected unsolicited response from address 0: 00000000
hdac0: Unexpected unsolicited response from address 0: 00000000
hdac0: Unexpected unsolicited response from address 0: 00000000
hdac0: Unexpected unsolicited response from address 0: 00000000
hdac0: Unexpected unsolicited response from address 0: 00000000
hdac0: Unexpected unsolicited response from address 0: 00000000
hdac0: Unexpected unsolicited response from address 0: 00000000
hdac0: Unexpected unsolicited response from address 0: 00000000
hdac0: Unexpected unsolicited response from address 0: 00000000
hdac0: Unexpected unsolicited response from address 0: 00000000
hdac0: Unexpected unsolicited response from address 0: 00000000
hdac0: Unexpected unsolicited response from address 0: 00000000
hdac0: Unexpected unsolicited response from address 0: 00000000
hdac0: Unexpected unsolicited response from address 0: 00000000
hdac0: Unexpected unsolicited response from address 0: 00000000
hdac0: Unexpected unsolicited response from address 0: 00000000
hdac0: Unexpected unsolicited response from address 0: 00000000
hdac0: Unexpected unsolicited response from address 0: 00000000
hdac0: Unexpected unsolicited response from address 0: 00000000
hdac0: Unexpected unsolicited response from address 0: 00000000
hdac0: Unexpected unsolicited response from address 0: 00000000
hdac0: Unexpected unsolicited response from address 0: 00000000
hdac0: Unexpected unsolicited response from address 0: 00000000
hdac0: Unexpected unsolicited response from address 0: 00000000
hdac0: Unexpected unsolicited response from address 0: 00000000
hdac0: Unexpected unsolicited response from address 0: 00000000
hdac0: Unexpected unsolicited response from address 0: 00000000
hdac0: Unexpected unsolicited response from address 0: 00000000
hdac0: Unexpected unsolicited response from address 0: 00000000
hdac0: Unexpected unsolicited response from address 0: 00000000
hdac0: Unexpected unsolicited response from address 0: 00000000
hdac0: Unexpected unsolicited response from address 0: 00000000
hdac0: Unexpected unsolicited response from address 0: 00000000
hdac0: Command 0x0063b000 timeout on address 0
hdac0: Command 0x0073b000 timeout on address 0
iwlwifi0: WFPM_UMAC_PD_NOTIFICATION: 0x20
iwlwifi0: WFPM_LMAC2_PD_NOTIFICATION: 0x1f
iwlwifi0: WFPM_AUTH_KEY_0: 0x90
iwlwifi0: CNVI_SCU_SEQ_DATA_DW9: 0x0
<6>wlan0: Ethernet address: 04:cf:4b:23:b4:3c
<118>Created wlan(4) interfaces: wlan0.
<6>lo0: link state changed to UP
<118>Starting wpa_supplicant.
<6>wlan0: link state changed to UP
<118>Starting Network: lo0 wlan0.
<118>lo0: flags=1008049<UP,LOOPBACK,RUNNING,MULTICAST,LOWER_UP> metric 0 mtu 16384
<118>	options=680003<RXCSUM,TXCSUM,LINKSTATE,RXCSUM_IPV6,TXCSUM_IPV6>
<118>	inet 127.0.0.1 netmask 0xff000000
<118>	inet6 ::1 prefixlen 128
<118>	inet6 fe80::1%lo0 prefixlen 64 scopeid 0x1
<118>	groups: lo
<118>	nd6 options=21<PERFORMNUD,AUTO_LINKLOCAL>
<118>wlan0: flags=8843<UP,BROADCAST,RUNNING,SIMPLEX,MULTICAST> metric 0 mtu 1500
<118>	options=0
<118>	ether 04:cf:4b:23:b4:3c
<118>	inet6 fe80::6cf:4bff:fe23:b43c%wlan0 prefixlen 64 scopeid 0x2
<118>	inet6 2a02:8011:300f:0:6cf:4bff:fe23:b43c prefixlen 64 autoconf pltime 3600 vltime 7200
<118>	inet6 fd86:46e4:b13a:0:6cf:4bff:fe23:b43c prefixlen 64 autoconf pltime 3600 vltime 7200
<118>	groups: wlan
<118>	ssid I_hear_you_having_sex channel 11 (2462 MHz 11g ht/20) bssid 34:e1:a9:f9:ba:f5
<118>	regdomain FCC country US authmode WPA2/802.11i privacy ON
<118>	deftxkey UNDEF AES-CCM 2:128-bit AES-CCM ucast:128-bit txpower 30
<118>	bmiss 7 scanvalid 60 protmode CTS ampdulimit 64k ampdudensity 4
<118>	-amsdutx amsdurx shortgi -ldpctx ldpcrx -uapsd wme roaming MANUAL
<118>	parent interface: iwlwifi0
<118>	media: IEEE 802.11 Wireless Ethernet MCS mode 11ng
<118>	status: associated
<118>	nd6 options=23<PERFORMNUD,ACCEPT_RTADV,AUTO_LINKLOCAL>
Cuse v0.1.37 @ /dev/cuse
<118>Starting webcamd.
<118>Starting devd.
<118>Autoloading module: ng_ubt
ubt0 on uhub0
ubt0: <vendor 0x8087 product 0x0032, class 224/1, rev 2.01/0.00, addr 1> on usbus0
<118>Starting event7 moused.
<118>Starting dhclient.
<118>DHCPREQUEST on wlan0 to 255.255.255.255 port 67
<118>DHCPREQUEST on wlan0 to 255.255.255.255 port 67
<118>DHCPACK from 192.168.178.1
<118>bound to 192.168.178.62 -- renewal in 432000 seconds.
<118>route: message indicates error: File exists
<118>add host 127.0.0.1: gateway lo0 fib 0: route already in table
<118>route: message indicates error: File exists
<118>add host ::1: gateway lo0 fib 0: route already in table
<118>add net fe80::: gateway ::1
<118>add net ff02::: gateway ::1
<118>add net ::ffff:0.0.0.0: gateway ::1
<118>add net ::0.0.0.0: gateway ::1
<118>Updating motd:.
<118>Updating /var/run/os-release done.
<118>Clearing /tmp (X related).
<118>Creating and/or trimming log files.
<118>Starting syslogd.
<118>Mounting late filesystems:.
Security policy loaded: MAC/ntpd (mac_ntpd)
<118>Starting ntpd.
<118>Starting powerd.
<118>Starting dbus.
<118>Starting default moused.
<118>swapon: /dev/da1p3: No such file or directory
<118>Performing sanity check on sshd configuration.
<118>Starting sshd.
<118>Starting cron.
<118>Configuring vt: keymap.
<118>Starting lightdm.
<118>Starting background file system checks in 60 seconds.
<118>/etc/rc: WARNING: /usr/local/etc/smartd.conf is not readable.
<118>/etc/rc: WARNING: failed precmd routine for smartd
<118>
<118>Tue Feb 10 00:52:59 GMT 2026
drmn0: [drm] not enough stolen space for compressed buffer (need 23040000 more bytes), disabling. Hint: you may be able to increase stolen memory size in the BIOS to avoid this.
<118>Feb 10 00:53:11 starlink su[3648]: rabczukr to root on /dev/pts/0
ig4iic0: <Designware I2C Controller> iomem 0xfe103000-0xfe103fff irq 7 on acpi0
ig4iic0: controller error during attach-1
device_attach: ig4iic0 attach returned 6
ig4iic0: <Designware I2C Controller> iomem 0xfe105000-0xfe105fff irq 7 on acpi0
ig4iic0: controller error during attach-1
device_attach: ig4iic0 attach returned 6
acpi_intel_sst0: <Intel Broadwell-U Audio DSP (SST)> iomem 0xfe000000-0xfe0fffff,0xfe100000-0xfe100fff irq 3 on acpi0
acpi_intel_sst0: Intel SST Driver v0.5.0 loading
acpi_intel_sst0: ACPI _STA: 0xf (Present Enabled Shown Functional)
acpi_intel_sst0: Called _PS0 method successfully
acpi_intel_sst0: Parent device: \_SB_.PCI0
acpi_intel_sst0: _DSM query successful
acpi_intel_sst0: _DSM enable function called
acpi_intel_sst0: _PR0 has 1 power resources
acpi_intel_sst0:   Turned on power resource 0
acpi_intel_sst0: PCH RCBA Check:
acpi_intel_sst0:   RCBA reg (0xF0): 0xfed1c001
acpi_intel_sst0:   RCBA base: 0xfed1c000
acpi_intel_sst0:   RCBA enabled: yes
acpi_intel_sst0:   FD1 (0x3418): 0x00368011
acpi_intel_sst0:   FD2 (0x3428): 0x0000001d
acpi_intel_sst0:   ADSP is enabled in FD2
acpi_intel_sst0: GPIO Control:
acpi_intel_sst0:   LPC GPIO reg (0x48): 0x00001c01
acpi_intel_sst0:   GPIO Base: 0x00001c00
acpi_intel_sst0:   GPIO 0x4C addr: 0x00001f60
acpi_intel_sst0:   GPIO 0x4C value: 0x80000001 (bit31=1)
acpi_intel_sst0: PCI Config (BAR1): 0xfe100000, Size: 0x1000
acpi_intel_sst0: === WPT (Broadwell) Power-Up Sequence ===
acpi_intel_sst0: Step 1: VDRTCTL2 before: 0x00000fff
acpi_intel_sst0: Step 2: PMCS before: 0x0000000b (D3)
acpi_intel_sst0:   PMCS after: 0x00000008 (D0)
acpi_intel_sst0: Step 3: VDRTCTL0 before: 0x00000001
acpi_intel_sst0: Step 4: VDRTCTL0 after SRAM on: 0x00000003
acpi_intel_sst0: Step 5: VDRTCTL2 before PLL: 0x00000ffd
acpi_intel_sst0: Step 6: VDRTCTL2 after: 0x00000bfd
acpi_intel_sst0: === Power-Up Complete ===
acpi_intel_sst0:   VDRTCTL0: 0x00000003
acpi_intel_sst0:   VDRTCTL2: 0x00000bff
acpi_intel_sst0:   PMCS:     0x00000008
acpi_intel_sst0: PCI Config Space (via BAR1 mirror):
acpi_intel_sst0:   DevID/VenID: 0x9cb68086
acpi_intel_sst0:   Status/Cmd:  0x00100006
acpi_intel_sst0:   Class/Rev:   0x04010003
acpi_intel_sst0:   PCI BAR0:    0xfe000000
acpi_intel_sst0:   PCI BAR1:    0xfe100000
acpi_intel_sst0:   Final BAR0:  0xfe000000
acpi_intel_sst0: Testing BAR0 @ 0xfe000000 directly...
acpi_intel_sst0: Direct mapping successful!
acpi_intel_sst0:   Direct BAR0[0]: 0xffffffff
acpi_intel_sst0: DSP Memory (BAR0): 0xfe000000, Size: 0x100000
acpi_intel_sst0: Probing DSP memory layout:
acpi_intel_sst0:   BAR0+0x00000 (IRAM): 0xffffffff
acpi_intel_sst0:   BAR0+0x80000 (DRAM): 0xffffffff
acpi_intel_sst0:   BAR0+0xC0000 (SHIM): 0xffffffff
acpi_intel_sst0:   BAR0+0xE0000 (MBOX): 0xffffffff
acpi_intel_sst0:   BAR1+0x00 (SHIM mirror?): 0x9cb68086
acpi_intel_sst0: SHIM Register Dump (BAR0+0xc0000):
acpi_intel_sst0:   CSR : 0xffffffff
acpi_intel_sst0:   IPCX: 0xffffffff
acpi_intel_sst0:   PISR: 0xffffffff
acpi_intel_sst0:   IMRX: 0xffffffff
acpi_intel_sst0: Error: Registers read 0xFFFFFFFF
device_attach: acpi_intel_sst0 attach returned 6
iwlwifi0: lkpi_iv_key_set: sta 34:e1:a9:f9:ba:f5 found with key information
ig4iic0: <Designware I2C Controller> iomem 0xfe103000-0xfe103fff irq 7 on acpi0
ig4iic0: controller error during attach-1
device_attach: ig4iic0 attach returned 6
ig4iic0: <Designware I2C Controller> iomem 0xfe105000-0xfe105fff irq 7 on acpi0
ig4iic0: controller error during attach-1
device_attach: ig4iic0 attach returned 6
acpi_intel_sst0: <Intel Broadwell-U Audio DSP (SST)> iomem 0xfe000000-0xfe0fffff,0xfe100000-0xfe100fff irq 3 on acpi0
acpi_intel_sst0: Intel SST Driver v0.5.0 loading
acpi_intel_sst0: ACPI _STA: 0xf (Present Enabled Shown Functional)
acpi_intel_sst0: Called _PS0 method successfully
acpi_intel_sst0: Parent device: \_SB_.PCI0
acpi_intel_sst0: _DSM query successful
acpi_intel_sst0: _DSM enable function called
acpi_intel_sst0: _PR0 has 1 power resources
acpi_intel_sst0:   Turned on power resource 0
acpi_intel_sst0: PCH RCBA Check:
acpi_intel_sst0:   RCBA reg (0xF0): 0xfed1c001
acpi_intel_sst0:   RCBA base: 0xfed1c000
acpi_intel_sst0:   RCBA enabled: yes
acpi_intel_sst0:   FD1 (0x3418): 0x00368011
acpi_intel_sst0:   FD2 (0x3428): 0x0000001d
acpi_intel_sst0:   ADSP is enabled in FD2
acpi_intel_sst0: GPIO Control:
acpi_intel_sst0:   LPC GPIO reg (0x48): 0x00001c01
acpi_intel_sst0:   GPIO Base: 0x00001c00
acpi_intel_sst0:   GPIO 0x4C addr: 0x00001f60
acpi_intel_sst0:   GPIO 0x4C value: 0x80000001 (bit31=1)
acpi_intel_sst0: PCI Config (BAR1): 0xfe100000, Size: 0x1000
acpi_intel_sst0: === WPT (Broadwell) Power-Up Sequence ===
acpi_intel_sst0: Step 1: VDRTCTL2 before: 0x00000bff
acpi_intel_sst0: Step 2: PMCS before: 0x00000008 (D0)
acpi_intel_sst0: Step 3: VDRTCTL0 before: 0x00000003
acpi_intel_sst0: Step 4: VDRTCTL0 after SRAM on: 0x00000003
acpi_intel_sst0: Step 5: VDRTCTL2 before PLL: 0x00000bfd
acpi_intel_sst0: Step 6: VDRTCTL2 after: 0x00000bfd
acpi_intel_sst0: === Power-Up Complete ===
acpi_intel_sst0:   VDRTCTL0: 0x00000003
acpi_intel_sst0:   VDRTCTL2: 0x00000bff
acpi_intel_sst0:   PMCS:     0x00000008
acpi_intel_sst0: Step 8: Extended PCI config dump...
acpi_intel_sst0:   IMC (0xE4): 0x00000000
acpi_intel_sst0:   IMD (0xEC): 0x00000000
acpi_intel_sst0:   IPCC (0xE0): 0x00000000
acpi_intel_sst0:   IPCD (0xE8): 0x00000000
acpi_intel_sst0: Step 9: Clearing interrupt masks...
acpi_intel_sst0:   IMC before: 0x00000000
acpi_intel_sst0:   IMC after: 0x00000000
acpi_intel_sst0: Step 10: Setting IMD default...
acpi_intel_sst0:   IMD before: 0x00000000
acpi_intel_sst0:   IMD after: 0x00000000
acpi_intel_sst0: PCI Config Space (via BAR1 mirror):
acpi_intel_sst0:   DevID/VenID: 0x9cb68086
acpi_intel_sst0:   Status/Cmd:  0x00100006
acpi_intel_sst0:   Class/Rev:   0x04010003
acpi_intel_sst0:   PCI BAR0:    0xfe000000
acpi_intel_sst0:   PCI BAR1:    0xfe100000
acpi_intel_sst0:   Final BAR0:  0xfe000000
acpi_intel_sst0: Testing BAR0 @ 0xfe000000 directly...
acpi_intel_sst0: Direct mapping successful!
acpi_intel_sst0:   Direct BAR0[0]: 0xffffffff
acpi_intel_sst0: DSP Memory (BAR0): 0xfe000000, Size: 0x100000
acpi_intel_sst0: Probing DSP memory layout:
acpi_intel_sst0:   BAR0+0x00000 (IRAM): 0xffffffff
acpi_intel_sst0:   BAR0+0x80000 (DRAM): 0xffffffff
acpi_intel_sst0:   BAR0+0xC0000 (SHIM): 0xffffffff
acpi_intel_sst0:   BAR0+0xE0000 (MBOX): 0xffffffff
acpi_intel_sst0:   BAR1+0x00 (SHIM mirror?): 0x9cb68086
acpi_intel_sst0: SHIM Register Dump (BAR0+0xc0000):
acpi_intel_sst0:   CSR : 0xffffffff
acpi_intel_sst0:   IPCX: 0xffffffff
acpi_intel_sst0:   PISR: 0xffffffff
acpi_intel_sst0:   IMRX: 0xffffffff
acpi_intel_sst0: Error: Registers read 0xFFFFFFFF
device_attach: acpi_intel_sst0 attach returned 6
iwlwifi0: lkpi_iv_key_set: sta 34:e1:a9:f9:ba:f5 found with key information
<118>Feb 10 01:17:00 starlink reboot[4124]: rebooted by rabczukr
<118>Feb 10 01:17:00 starlink syslogd: exiting on signal 15
<6>wlan0: link state changed to DOWN
Waiting (max 60 seconds) for system process `vnlru' to stop... done
Waiting (max 60 seconds) for system process `syncer' to stop... 
Syncing disks, vnodes remaining... 0 0 done
All buffers synced.
Uptime: 24m35s
ubt0: detached
hmt0: detached
hidbus0: detached
usbhid0: detached
umass0: detached
uhub0: detached
---<<BOOT>>---
Copyright (c) 1992-2025 The FreeBSD Project.
Copyright (c) 1979, 1980, 1983, 1986, 1988, 1989, 1991, 1992, 1993, 1994
	The Regents of the University of California. All rights reserved.
FreeBSD is a registered trademark of The FreeBSD Foundation.
FreeBSD 15.0-RELEASE-p2 GENERIC amd64
FreeBSD clang version 19.1.7 (https://github.com/llvm/llvm-project.git llvmorg-19.1.7-0-gcd708029e0b2)
VT(efifb): resolution 3200x1800
CPU: Intel(R) Core(TM) i7-5600U CPU @ 2.60GHz (2594.13-MHz K8-class CPU)
  Origin="GenuineIntel"  Id=0x306d4  Family=0x6  Model=0x3d  Stepping=4
  Features=0xbfebfbff<FPU,VME,DE,PSE,TSC,MSR,PAE,MCE,CX8,APIC,SEP,MTRR,PGE,MCA,CMOV,PAT,PSE36,CLFLUSH,DTS,ACPI,MMX,FXSR,SSE,SSE2,SS,HTT,TM,PBE>
  Features2=0x7ffafbff<SSE3,PCLMULQDQ,DTES64,MON,DS_CPL,VMX,SMX,EST,TM2,SSSE3,SDBG,FMA,CX16,xTPR,PDCM,PCID,SSE4.1,SSE4.2,x2APIC,MOVBE,POPCNT,TSCDLT,AESNI,XSAVE,OSXSAVE,AVX,F16C,RDRAND>
  AMD Features=0x2c100800<SYSCALL,NX,Page1GB,RDTSCP,LM>
  AMD Features2=0x121<LAHF,ABM,Prefetch>
  Structured Extended Features=0x21c2fbb<FSGSBASE,TSCADJ,BMI1,HLE,AVX2,SMEP,BMI2,ERMS,INVPCID,RTM,NFPUSG,RDSEED,ADX,SMAP,PROCTRACE>
  Structured Extended Features3=0x9c000400<MD_CLEAR,IBPB,STIBP,L1DFL,SSBD>
  XSAVE Features=0x1<XSAVEOPT>
  VT-x: PAT,HLT,MTF,PAUSE,EPT,UG,VPID
  TSC: P-state invariant, performance statistics
real memory  = 8589934592 (8192 MB)
avail memory = 8201940992 (7821 MB)
Event timer "LAPIC" quality 600
ACPI APIC Table: <DELL   CBX3   >
FreeBSD/SMP: Multiprocessor System Detected: 4 CPUs
FreeBSD/SMP: 1 package(s) x 2 core(s) x 2 hardware threads
random: registering fast source Intel Secure Key Seed
random: fast provider: "Intel Secure Key Seed"
random: unblocking device.
ioapic0 <Version 2.0> irqs 0-39
Launching APs: 1 3 2
random: entropy device external interface
kbd1 at kbdmux0
efirtc0: <EFI Realtime Clock>
efirtc0: registered as a time-of-day clock, resolution 1.000000s
smbios0: <System Management BIOS> at iomem 0xf0570-0xf058e
smbios0: Entry point: v2.1 (32-bit), Version: 2.8, BCD Revision: 2.7
aesni0: <AES-CBC,AES-CCM,AES-GCM,AES-ICM,AES-XTS>
acpi0: <DELL CBX3   >
acpi0: Power Button (fixed)
cpu0: <ACPI CPU> on acpi0
hpet0: <High Precision Event Timer> iomem 0xfed00000-0xfed003ff on acpi0
Timecounter "HPET" frequency 14318180 Hz quality 950
Event timer "HPET" frequency 14318180 Hz quality 550
Event timer "HPET1" frequency 14318180 Hz quality 440
Event timer "HPET2" frequency 14318180 Hz quality 440
Event timer "HPET3" frequency 14318180 Hz quality 440
Event timer "HPET4" frequency 14318180 Hz quality 440
atrtc0: <AT realtime clock> port 0x70-0x77 irq 8 on acpi0
atrtc0: Warning: Couldn't map I/O.
atrtc0: registered as a time-of-day clock, resolution 1.000000s
Event timer "RTC" frequency 32768 Hz quality 0
attimer0: <AT timer> port 0x40-0x43,0x50-0x53 irq 0 on acpi0
Timecounter "i8254" frequency 1193182 Hz quality 0
Event timer "i8254" frequency 1193182 Hz quality 100
Timecounter "ACPI-fast" frequency 3579545 Hz quality 900
acpi_timer0: <24-bit timer at 3.579545MHz> port 0x1808-0x180b on acpi0
acpi_ec0: <Embedded Controller: GPE 0x27> port 0x930,0x934 on acpi0
pcib0: <ACPI Host-PCI bridge> port 0xcf8-0xcff on acpi0
pci0: <ACPI PCI bus> on pcib0
vgapci0: <VGA-compatible display> port 0xf000-0xf03f mem 0xf6000000-0xf6ffffff,0xe0000000-0xefffffff irq 16 at device 2.0 on pci0
vgapci0: Boot video device
xhci0: <Broadwell Integrated PCH-LP chipset USB 3.0 controller> mem 0xf7200000-0xf720ffff irq 21 at device 20.0 on pci0
xhci0: 32 bytes context size, 64-bit DMA
xhci0: xECP capabilities <PROTO,PROTO,VEND(c1),VEND(c0),LEGACY,DEBUG>
xhci0: Port routing mask set to 0xffffffff
usbus0 on xhci0
usbus0: 5.0Gbps Super Speed USB v3.0
pci0: <simple comms> at device 22.0 (no driver attached)
pcib1: <ACPI PCI-PCI bridge> irq 16 at device 28.0 on pci0
pci1: <ACPI PCI bus> on pcib1
pci1: <unknown> at device 0.0 (no driver attached)
pcib2: <ACPI PCI-PCI bridge> irq 19 at device 28.3 on pci0
pci2: <ACPI PCI bus> on pcib2
pci2: <network> at device 0.0 (no driver attached)
isab0: <PCI-ISA bridge> at device 31.0 on pci0
isa0: <ISA bus> on isab0
ahci0: <Intel Wildcat Point-LP AHCI SATA controller> port 0xf0b0-0xf0b7,0xf0a0-0xf0a3,0xf090-0xf097,0xf080-0xf083,0xf060-0xf07f mem 0xf721e000-0xf721e7ff irq 19 at device 31.2 on pci0
ahci0: AHCI v1.30 with 4 6Gbps ports, Port Multiplier not supported
ahcich3: <AHCI channel> at channel 3 on ahci0
acpi_lid0: <Control Method Lid Switch> on acpi0
acpi_button0: <Power Button> on acpi0
acpi_button1: <Sleep Button> on acpi0
acpi_acad0: <AC Adapter> on acpi0
battery0: <ACPI Control Method Battery> on acpi0
acpi_tz0: <Thermal Zone> on acpi0
acpi_tz1: <Thermal Zone> on acpi0
acpi_tz2: <Thermal Zone> on acpi0
atkbdc0: <Keyboard controller (i8042)> port 0x60,0x64 irq 1 on acpi0
atkbd0: <AT Keyboard> irq 1 on atkbdc0
kbd0 at atkbd0
atkbd0: [GIANT-LOCKED]
psm0: <PS/2 Mouse> irq 12 on atkbdc0
psm0: [GIANT-LOCKED]
WARNING: Device "psm" is Giant locked and may be deleted before FreeBSD 16.0.
psm0: model Synaptics Touchpad, device ID 3
est0: <Enhanced SpeedStep Frequency Control> on cpu0
cpufreq0: <CPU frequency control> on cpu0
cpufreq1: <CPU frequency control> on cpu1
cpufreq2: <CPU frequency control> on cpu2
cpufreq3: <CPU frequency control> on cpu3
Timecounter "TSC-low" frequency 1296997538 Hz quality 1000
Timecounters tick every 1.000 msec
ugen0.1: <Intel XHCI root HUB> at usbus0
uhub0 on usbus0
uhub0: <Intel XHCI root HUB, class 9/0, rev 3.00/1.00, addr 1> on usbus0
ZFS filesystem version: 5
ZFS storage pool version: features support (5000)
Trying to mount root from zfs:zroot/ROOT/default []...
ada0 at ahcich3 bus 0 scbus0 target 0 lun 0
ada0: <SAMSUNG SSD PM851 M.2 2280 256GB EXT25D0Q> ACS-2 ATA SATA 3.x device
ada0: Serial Number S1D3NYAG304461
ada0: 600.000MB/s transfers (SATA 3.x, UDMA6, PIO 8192bytes)
ada0: Command Queueing enabled
ada0: 244198MB (500118192 512 byte sectors)
ada0: quirks=0x3<4K,NCQ_TRIM_BROKEN>
uhub0: 15 ports with 15 removable, self powered
Root mount waiting for: usbus0
ugen0.2: <vendor 0x8087 product 0x0032> at usbus0
ugen0.3: <ELAN Touchscreen> at usbus0
usbhid0 on uhub0
usbhid0: <ELAN Touchscreen, class 0/0, rev 2.00/11.11, addr 2> on usbus0
hidbus0: <HID bus> on usbhid0
Root mount waiting for: usbus0
ugen0.4: <CKFEH41F301030007610 IntegratedWebcamHD> at usbus0
ugen0.5: <Ugreen Ugreen Storage Device> at usbus0
umass0 on uhub0
umass0: <Ugreen Ugreen Storage Device, class 0/0, rev 3.10/1.00, addr 4> on usbus0
umass0:  SCSI over Bulk-Only; quirks = 0x0
umass0:1:0: Attached to scbus1
da0 at umass-sim0 bus 0 scbus1 target 0 lun 0
da0: <WDC  WDS 250G2B0B-00YS70 0> Fixed Direct Access SPC-4 SCSI device
da0: Serial Number 20D11E80039B
da0: 400.000MB/s transfers
da0: 238475MB (488397168 512 byte sectors)
da0: quirks=0x2<NO_6_BYTE>
<118>No suitable dump device was found.
<118>Setting hostuuid: 4c4c4544-0051-4210-804e-c6c04f523332.
<118>Setting hostid: 0x6c8abe8d.
<118>swapon: /dev/da1p3: No such file or directory
<118>Starting file system checks:
<118>/dev/gpt/efiboot0: FILESYSTEM CLEAN; SKIPPING CHECKS
<118>Mounting local filesystems:.
<118>no pools available to import
<118>Loading kernel modules: i915kms
<6>[drm] Got Intel graphics stolen memory base 0xdd800000, size 0x2000000
drmn0: <drmn> on vgapci0
vgapci0: child drmn0 requested pci_enable_io
vgapci0: child drmn0 requested pci_enable_io
<6>[drm] ACPI BIOS requests an excessive sleep of 25000 ms, using 1500 ms instead
lkpi_iic0: <LinuxKPI I2C> on drmn0
iicbus0: <Philips I2C bus> on lkpi_iic0
iic0: <I2C generic I/O> on iicbus0
lkpi_iic1: <LinuxKPI I2C> on drmn0
iicbus1: <Philips I2C bus> on lkpi_iic1
iic1: <I2C generic I/O> on iicbus1
lkpi_iic2: <LinuxKPI I2C> on drmn0
iicbus2: <Philips I2C bus> on lkpi_iic2
iic2: <I2C generic I/O> on iicbus2
lkpi_iic3: <LinuxKPI I2C> on drmn0
iicbus3: <Philips I2C bus> on lkpi_iic3
iic3: <I2C generic I/O> on iicbus3
sysctl_add_oid: can't re-use a leaf (hw.dri.debug)!
lkpi_iic4: <LinuxKPI I2C> on drm1
iicbus4: <Philips I2C bus> on lkpi_iic4
iic4: <I2C generic I/O> on iicbus4
lkpi_iic5: <LinuxKPI I2C> on drm2
iicbus5: <Philips I2C bus> on lkpi_iic5
iic5: <I2C generic I/O> on iicbus5
<6>[drm] Initialized i915 1.6.0 20201103 for drmn0 on minor 0
VT: Replacing driver "efifb" with new "drmfb".
start FB_INFO:
height=1800 width=3200 depth=32
pbase=0xe0000000 vbase=0xfffff800e0000000
name=drmn0 id=i915drmfb flags=0x0 stride=12800
end FB_INFO
<118>Autoloading module: acpi_wmi
<118>Autoloading module: hmt
<118>Autoloading module: ichsmb
<118>Autoloading module: if_iwlwifi
<118>Autoloading module: if_iwx
<118>Autoloading module: ig4
<118>Autoloading module: pchtherm
<118>Autoloading module: rtsx
ichsmb0: <Intel Wildcat Point-LP SMBus controller> port 0xf040-0xf05f mem 0xf721d000-0xf721d0ff at device 31.3 on pci0
smbus0: <System Management Bus> on ichsmb0
pchtherm0: <Wildcat Point Thermal Subsystem> mem 0xf721c000-0xf721cfff at device 31.6 on pci0
rtsx0: <2.1g Realtek RTS5249 PCIe SD Card Reader> mem 0xf7100000-0xf7100fff irq 16 at device 0.0 on pci1
rtsx0: No card is detected
iwlwifi0: <iwlwifi> mem 0xf7000000-0xf7003fff irq 19 at device 0.0 on pci2
iwlwifi0: Detected crf-id 0x400410, cnv-id 0x400410 wfpm id 0x80000000
iwlwifi0: PCI dev 2725/0024, rev=0x420, rfid=0x10d000
iwlwifi0: Detected Intel(R) Wi-Fi 6E AX210 160MHz
iwlwifi0: successfully loaded firmware image 'iwlwifi-ty-a0-gf-a0-89.ucode'
iwl-debug-yoyo.bin: could not load binary firmware /boot/firmware/iwl-debug-yoyo.bin either
iwl-debug-yoyo.bin: could not load binary firmware /boot/firmware/iwl-debug-yoyo.bin either
iwl-debug-yoyo_bin: could not load binary firmware /boot/firmware/iwl-debug-yoyo_bin either
iwl_debug_yoyo_bin: could not load binary firmware /boot/firmware/iwl_debug_yoyo_bin either
iwlwifi0: loaded firmware version 89.7207fc64.0 ty-a0-gf-a0-89.ucode op_mode iwlmvm
iwlwifi0: WFPM_UMAC_PD_NOTIFICATION: 0x20
iwlwifi0: WFPM_LMAC2_PD_NOTIFICATION: 0x1f
iwlwifi0: WFPM_AUTH_KEY_0: 0x90
iwlwifi0: CNVI_SCU_SEQ_DATA_DW9: 0x0
iwlwifi0: Detected RF GF, rfid=0x10d000
iwlwifi0: successfully loaded firmware image 'iwlwifi-ty-a0-gf-a0.pnvm'
iwlwifi0: base HW address: 04:cf:4b:23:b4:3c
acpi_wmi0: <ACPI-WMI mapping> on acpi0
acpi_wmi0: Embedded MOF found
ig4iic0: <Designware I2C Controller> iomem 0xfe103000-0xfe103fff irq 7 on acpi0
ig4iic0: controller error during attach-1
device_attach: ig4iic0 attach returned 6
ig4iic0: <Designware I2C Controller> iomem 0xfe105000-0xfe105fff irq 7 on acpi0
ig4iic0: controller error during attach-1
device_attach: ig4iic0 attach returned 6
ig4iic0: <Designware I2C Controller> iomem 0xfe103000-0xfe103fff irq 7 on acpi0
ig4iic0: controller error during attach-1
device_attach: ig4iic0 attach returned 6
ig4iic0: <Designware I2C Controller> iomem 0xfe105000-0xfe105fff irq 7 on acpi0
ig4iic0: controller error during attach-1
device_attach: ig4iic0 attach returned 6
hmt0: <ELAN Touchscreen> on hidbus0
hmt0: Multitouch touchscreen with 0 external buttons
hmt0: 10 contacts with [WH] properties. Report range [0:0] - [3360:1872]
<118>Setting hostname: starlink.
<118>ELF ldconfig path: /lib /usr/lib /usr/lib/compat /usr/local/lib /usr/local/lib/compat/pkg /usr/local/lib/alsa-lib /usr/local/lib/compat/pkg /usr/local/lib/gcc14 /usr/local/lib/perl5/5.42/mach/CORE /usr/local/lib/qt6 /usr/local/lib/samba4 /usr/local/llvm19/lib /usr/local/llvm19/lib/x86_64-portbld-freebsd15.0
<118>32-bit compatibility ldconfig path: /usr/lib32 /usr/local/lib32/gcc14
<118>Setting up harvesting: PURE_RDSEED,RANDOMDEV,[CALLOUT],[UMA],[FS_ATIME],SWI,INTERRUPT,NET_NG,[NET_ETHER],NET_TUN,MOUSE,KEYBOARD,ATTACH,CACHED
<118>Feeding entropy: .
iwlwifi0: WFPM_UMAC_PD_NOTIFICATION: 0x20
iwlwifi0: WFPM_LMAC2_PD_NOTIFICATION: 0x1f
iwlwifi0: WFPM_AUTH_KEY_0: 0x90
iwlwifi0: CNVI_SCU_SEQ_DATA_DW9: 0x0
<6>wlan0: Ethernet address: 04:cf:4b:23:b4:3c
<118>Created wlan(4) interfaces: wlan0.
<6>lo0: link state changed to UP
<118>Starting wpa_supplicant.
<6>wlan0: link state changed to UP
<118>Starting Network: lo0 wlan0.
<118>lo0: flags=1008049<UP,LOOPBACK,RUNNING,MULTICAST,LOWER_UP> metric 0 mtu 16384
<118>	options=680003<RXCSUM,TXCSUM,LINKSTATE,RXCSUM_IPV6,TXCSUM_IPV6>
<118>	inet 127.0.0.1 netmask 0xff000000
<118>	inet6 ::1 prefixlen 128
<118>	inet6 fe80::1%lo0 prefixlen 64 scopeid 0x1
<118>	groups: lo
<118>	nd6 options=21<PERFORMNUD,AUTO_LINKLOCAL>
<118>wlan0: flags=8843<UP,BROADCAST,RUNNING,SIMPLEX,MULTICAST> metric 0 mtu 1500
<118>	options=0
<118>	ether 04:cf:4b:23:b4:3c
<118>	inet6 fe80::6cf:4bff:fe23:b43c%wlan0 prefixlen 64 scopeid 0x2
<118>	inet6 2a02:8011:300f:0:6cf:4bff:fe23:b43c prefixlen 64 autoconf pltime 3600 vltime 7200
<118>	inet6 fd86:46e4:b13a:0:6cf:4bff:fe23:b43c prefixlen 64 autoconf pltime 3600 vltime 7200
<118>	groups: wlan
<118>	ssid I_hear_you_having_sex channel 11 (2462 MHz 11g ht/20) bssid 34:e1:a9:f9:ba:f5
<118>	regdomain FCC country US authmode WPA2/802.11i privacy ON
<118>	deftxkey UNDEF AES-CCM 3:128-bit AES-CCM ucast:128-bit txpower 30
<118>	bmiss 7 scanvalid 60 protmode CTS ampdulimit 64k ampdudensity 4
<118>	-amsdutx amsdurx shortgi -ldpctx ldpcrx -uapsd wme roaming MANUAL
<118>	parent interface: iwlwifi0
<118>	media: IEEE 802.11 Wireless Ethernet MCS mode 11ng
<118>	status: associated
<118>	nd6 options=23<PERFORMNUD,ACCEPT_RTADV,AUTO_LINKLOCAL>
Cuse v0.1.37 @ /dev/cuse
<118>Starting webcamd.
<118>Starting devd.
<118>Autoloading module: ng_ubt
ubt0 on uhub0
ubt0: <vendor 0x8087 product 0x0032, class 224/1, rev 2.01/0.00, addr 1> on usbus0
<118>Starting event7 moused.
<118>Starting dhclient.
<118>DHCPREQUEST on wlan0 to 255.255.255.255 port 67
<118>DHCPACK from 192.168.178.1
<118>bound to 192.168.178.62 -- renewal in 432000 seconds.
<118>route: message indicates error: File exists
<118>add host 127.0.0.1: gateway lo0 fib 0: route already in table
<118>route: message indicates error: File exists
<118>add host ::1: gateway lo0 fib 0: route already in table
<118>add net fe80::: gateway ::1
<118>add net ff02::: gateway ::1
<118>add net ::ffff:0.0.0.0: gateway ::1
<118>add net ::0.0.0.0: gateway ::1
<118>Updating motd:.
<118>Updating /var/run/os-release done.
<118>Clearing /tmp (X related).
<118>Creating and/or trimming log files.
<118>Starting syslogd.
<118>Mounting late filesystems:.
Security policy loaded: MAC/ntpd (mac_ntpd)
<118>Starting ntpd.
<118>Starting powerd.
<118>Starting dbus.
<118>Starting default moused.
<118>swapon: /dev/da1p3: No such file or directory
<118>Performing sanity check on sshd configuration.
<118>Starting sshd.
<118>Starting cron.
<118>Configuring vt: keymap.
<118>Starting lightdm.
<118>Starting background file system checks in 60 seconds.
<118>/etc/rc: WARNING: /usr/local/etc/smartd.conf is not readable.
<118>/etc/rc: WARNING: failed precmd routine for smartd
<118>
<118>Tue Feb 10 01:17:53 GMT 2026
drmn0: [drm] not enough stolen space for compressed buffer (need 23040000 more bytes), disabling. Hint: you may be able to increase stolen memory size in the BIOS to avoid this.
iwlwifi0: lkpi_iv_key_set: sta 34:e1:a9:f9:ba:f5 found with key information
iwlwifi0: lkpi_iv_key_set: sta 34:e1:a9:f9:ba:f5 found with key information
iwlwifi0: lkpi_iv_key_set: sta 34:e1:a9:f9:ba:f5 found with key information
iwlwifi0: lkpi_iv_key_set: sta 34:e1:a9:f9:ba:f5 found with key information
iwlwifi0: lkpi_iv_key_set: sta 34:e1:a9:f9:ba:f5 found with key information
iwlwifi0: lkpi_iv_key_set: sta 34:e1:a9:f9:ba:f5 found with key information
iwlwifi0: lkpi_iv_key_set: sta 34:e1:a9:f9:ba:f5 found with key information
iwlwifi0: lkpi_iv_key_set: sta 34:e1:a9:f9:ba:f5 found with key information
iwlwifi0: lkpi_iv_key_set: sta 34:e1:a9:f9:ba:f5 found with key information
iwlwifi0: lkpi_iv_key_set: sta 34:e1:a9:f9:ba:f5 found with key information
iwlwifi0: lkpi_iv_key_set: sta 34:e1:a9:f9:ba:f5 found with key information
iwlwifi0: lkpi_iv_key_set: sta 34:e1:a9:f9:ba:f5 found with key information
iwlwifi0: lkpi_iv_key_set: sta 34:e1:a9:f9:ba:f5 found with key information
iwlwifi0: lkpi_iv_key_set: sta 34:e1:a9:f9:ba:f5 found with key information
iwlwifi0: lkpi_iv_key_set: sta 34:e1:a9:f9:ba:f5 found with key information
iwlwifi0: lkpi_iv_key_set: sta 34:e1:a9:f9:ba:f5 found with key information
iwlwifi0: lkpi_iv_key_set: sta 34:e1:a9:f9:ba:f5 found with key information
iwlwifi0: lkpi_iv_key_set: sta 34:e1:a9:f9:ba:f5 found with key information
iwlwifi0: lkpi_iv_key_set: sta 34:e1:a9:f9:ba:f5 found with key information
iwlwifi0: lkpi_iv_key_set: sta 34:e1:a9:f9:ba:f5 found with key information
iwlwifi0: lkpi_iv_key_set: sta 34:e1:a9:f9:ba:f5 found with key information
iwlwifi0: lkpi_iv_key_set: sta 34:e1:a9:f9:ba:f5 found with key information
iwlwifi0: lkpi_iv_key_set: sta 34:e1:a9:f9:ba:f5 found with key information
iwlwifi0: lkpi_iv_key_set: sta 34:e1:a9:f9:ba:f5 found with key information
iwlwifi0: lkpi_iv_key_set: sta 34:e1:a9:f9:ba:f5 found with key information
iwlwifi0: lkpi_iv_key_set: sta 34:e1:a9:f9:ba:f5 found with key information
iwlwifi0: lkpi_iv_key_set: sta 34:e1:a9:f9:ba:f5 found with key information
iwlwifi0: linuxkpi_ieee80211_beacon_loss: vif 0xfffffe00aaf33f00 vap 0xfffffe00aaf33010 state RUN (synched 1, assoc 1 beacons 8 dtim_period 1)
iwlwifi0: lkpi_iv_key_set: sta 34:e1:a9:f9:ba:f5 found with key information
iwlwifi0: lkpi_iv_key_set: sta 34:e1:a9:f9:ba:f5 found with key information
iwlwifi0: lkpi_iv_key_set: sta 34:e1:a9:f9:ba:f5 found with key information
iwlwifi0: lkpi_iv_key_set: sta 34:e1:a9:f9:ba:f5 found with key information
iwlwifi0: lkpi_iv_key_set: sta 34:e1:a9:f9:ba:f5 found with key information
iwlwifi0: lkpi_iv_key_set: sta 34:e1:a9:f9:ba:f5 found with key information
iwlwifi0: lkpi_iv_key_set: sta 34:e1:a9:f9:ba:f5 found with key information
iwlwifi0: lkpi_iv_key_set: sta 34:e1:a9:f9:ba:f5 found with key information
iwlwifi0: lkpi_iv_key_set: sta 34:e1:a9:f9:ba:f5 found with key information
iwlwifi0: lkpi_iv_key_set: sta 34:e1:a9:f9:ba:f5 found with key information
iwlwifi0: lkpi_iv_key_set: sta 34:e1:a9:f9:ba:f5 found with key information
iwlwifi0: lkpi_iv_key_set: sta 34:e1:a9:f9:ba:f5 found with key information
iwlwifi0: lkpi_iv_key_set: sta 34:e1:a9:f9:ba:f5 found with key information
iwlwifi0: lkpi_iv_key_set: sta 34:e1:a9:f9:ba:f5 found with key information
iwlwifi0: lkpi_iv_key_set: sta 34:e1:a9:f9:ba:f5 found with key information
iwlwifi0: lkpi_iv_key_set: sta 34:e1:a9:f9:ba:f5 found with key information
iwlwifi0: lkpi_iv_key_set: sta 34:e1:a9:f9:ba:f5 found with key information
iwlwifi0: lkpi_iv_key_set: sta 34:e1:a9:f9:ba:f5 found with key information
iwlwifi0: lkpi_iv_key_set: sta 34:e1:a9:f9:ba:f5 found with key information
iwlwifi0: lkpi_iv_key_set: sta 34:e1:a9:f9:ba:f5 found with key information
<118>Feb 10 09:16:34 starlink su[4823]: rabczukr to root on /dev/pts/0
iwlwifi0: linuxkpi_ieee80211_beacon_loss: vif 0xfffffe00aaf33f00 vap 0xfffffe00aaf33010 state RUN (synched 1, assoc 1 beacons 19 dtim_period 1)
ig4iic0: <Designware I2C Controller> iomem 0xfe103000-0xfe103fff irq 7 on acpi0
ig4iic0: controller error during attach-1
device_attach: ig4iic0 attach returned 6
ig4iic0: <Designware I2C Controller> iomem 0xfe105000-0xfe105fff irq 7 on acpi0
ig4iic0: controller error during attach-1
device_attach: ig4iic0 attach returned 6
acpi_intel_sst0: <Intel Broadwell-U Audio DSP (SST)> iomem 0xfe000000-0xfe0fffff,0xfe100000-0xfe100fff irq 3 on acpi0
acpi_intel_sst0: Intel SST Driver v0.5.0 loading
acpi_intel_sst0: ACPI _STA: 0xf (Present Enabled Shown Functional)
acpi_intel_sst0: Called _PS0 method successfully
acpi_intel_sst0: Parent device: \_SB_.PCI0
acpi_intel_sst0: _DSM query successful
acpi_intel_sst0: _DSM enable function called
acpi_intel_sst0: _PR0 has 1 power resources
acpi_intel_sst0:   Turned on power resource 0
acpi_intel_sst0: PCH RCBA Check:
acpi_intel_sst0:   RCBA reg (0xF0): 0xfed1c001
acpi_intel_sst0:   RCBA base: 0xfed1c000
acpi_intel_sst0:   RCBA enabled: yes
acpi_intel_sst0:   FD1 (0x3418): 0x00368011
acpi_intel_sst0:   FD2 (0x3428): 0x0000001d
acpi_intel_sst0:   ADSP is enabled in FD2
acpi_intel_sst0: GPIO Control:
acpi_intel_sst0:   LPC GPIO reg (0x48): 0x00001c01
acpi_intel_sst0:   GPIO Base: 0x00001c00
acpi_intel_sst0:   GPIO 0x4C addr: 0x00001f60
acpi_intel_sst0:   GPIO 0x4C value: 0x80000001 (bit31=1)
acpi_intel_sst0: PCI Config (BAR1): 0xfe100000, Size: 0x1000
acpi_intel_sst0: === WPT (Broadwell) Power-Up Sequence ===
acpi_intel_sst0: Step 1: VDRTCTL2 before: 0x00000fff
acpi_intel_sst0: Step 2: PMCS before: 0x0000000b (D3)
acpi_intel_sst0:   PMCS after: 0x00000008 (D0)
acpi_intel_sst0: Step 3: VDRTCTL0 before: 0x00000001
acpi_intel_sst0: Step 4: VDRTCTL0 after SRAM on: 0x00000003
acpi_intel_sst0: Step 5: VDRTCTL2 before PLL: 0x00000ffd
acpi_intel_sst0: Step 6: VDRTCTL2 after: 0x00000bfd
acpi_intel_sst0: === Power-Up Complete ===
acpi_intel_sst0:   VDRTCTL0: 0x00000003
acpi_intel_sst0:   VDRTCTL2: 0x00000bff
acpi_intel_sst0:   PMCS:     0x00000008
acpi_intel_sst0: Step 8: Extended PCI config dump...
acpi_intel_sst0:   IMC (0xE4): 0x00000000
acpi_intel_sst0:   IMD (0xEC): 0x00000000
acpi_intel_sst0:   IPCC (0xE0): 0x00000000
acpi_intel_sst0:   IPCD (0xE8): 0x00000000
acpi_intel_sst0: Step 9: Clearing interrupt masks...
acpi_intel_sst0:   IMC before: 0x00000000
acpi_intel_sst0:   IMC after: 0x00000000
acpi_intel_sst0: Step 10: Setting IMD default...
acpi_intel_sst0:   IMD before: 0x00000000
acpi_intel_sst0:   IMD after: 0x00000000
acpi_intel_sst0: PCI Config Space (via BAR1 mirror):
acpi_intel_sst0:   DevID/VenID: 0x9cb68086
acpi_intel_sst0:   Status/Cmd:  0x00100006
acpi_intel_sst0:   Class/Rev:   0x04010003
acpi_intel_sst0:   PCI BAR0:    0xfe000000
acpi_intel_sst0:   PCI BAR1:    0xfe100000
acpi_intel_sst0:   Final BAR0:  0xfe000000
acpi_intel_sst0: Testing BAR0 @ 0xfe000000 directly...
acpi_intel_sst0: Direct mapping successful!
acpi_intel_sst0:   Direct BAR0[0]: 0xffffffff
acpi_intel_sst0: DSP Memory (BAR0): 0xfe000000, Size: 0x100000
acpi_intel_sst0: Probing DSP memory layout:
acpi_intel_sst0:   BAR0+0x00000 (IRAM): 0xffffffff
acpi_intel_sst0:   BAR0+0x80000 (DRAM): 0xffffffff
acpi_intel_sst0:   BAR0+0xC0000 (SHIM): 0xffffffff
acpi_intel_sst0:   BAR0+0xE0000 (MBOX): 0xffffffff
acpi_intel_sst0:   BAR1+0x00 (SHIM mirror?): 0x9cb68086
acpi_intel_sst0: SHIM Register Dump (BAR0+0xc0000):
acpi_intel_sst0:   CSR : 0xffffffff
acpi_intel_sst0:   IPCX: 0xffffffff
acpi_intel_sst0:   PISR: 0xffffffff
acpi_intel_sst0:   IMRX: 0xffffffff
acpi_intel_sst0: Error: Registers read 0xFFFFFFFF
device_attach: acpi_intel_sst0 attach returned 6
<118>Feb 10 09:20:28 starlink reboot[4971]: rebooted by rabczukr
<118>Feb 10 09:20:28 starlink syslogd: exiting on signal 15
<6>wlan0: link state changed to DOWN
Waiting (max 60 seconds) for system process `vnlru' to stop... done
Waiting (max 60 seconds) for system process `syncer' to stop... 
Syncing disks, vnodes remaining... 0 0 0 done
All buffers synced.
Uptime: 8h3m4s
ubt0: detached
hmt0: detached
hidbus0: detached
usbhid0: detached
umass0: detached
uhub0: detached
---<<BOOT>>---
Copyright (c) 1992-2025 The FreeBSD Project.
Copyright (c) 1979, 1980, 1983, 1986, 1988, 1989, 1991, 1992, 1993, 1994
	The Regents of the University of California. All rights reserved.
FreeBSD is a registered trademark of The FreeBSD Foundation.
FreeBSD 15.0-RELEASE-p2 GENERIC amd64
FreeBSD clang version 19.1.7 (https://github.com/llvm/llvm-project.git llvmorg-19.1.7-0-gcd708029e0b2)
VT(efifb): resolution 3200x1800
CPU: Intel(R) Core(TM) i7-5600U CPU @ 2.60GHz (2594.13-MHz K8-class CPU)
  Origin="GenuineIntel"  Id=0x306d4  Family=0x6  Model=0x3d  Stepping=4
  Features=0xbfebfbff<FPU,VME,DE,PSE,TSC,MSR,PAE,MCE,CX8,APIC,SEP,MTRR,PGE,MCA,CMOV,PAT,PSE36,CLFLUSH,DTS,ACPI,MMX,FXSR,SSE,SSE2,SS,HTT,TM,PBE>
  Features2=0x7ffafbff<SSE3,PCLMULQDQ,DTES64,MON,DS_CPL,VMX,SMX,EST,TM2,SSSE3,SDBG,FMA,CX16,xTPR,PDCM,PCID,SSE4.1,SSE4.2,x2APIC,MOVBE,POPCNT,TSCDLT,AESNI,XSAVE,OSXSAVE,AVX,F16C,RDRAND>
  AMD Features=0x2c100800<SYSCALL,NX,Page1GB,RDTSCP,LM>
  AMD Features2=0x121<LAHF,ABM,Prefetch>
  Structured Extended Features=0x21c2fbb<FSGSBASE,TSCADJ,BMI1,HLE,AVX2,SMEP,BMI2,ERMS,INVPCID,RTM,NFPUSG,RDSEED,ADX,SMAP,PROCTRACE>
  Structured Extended Features3=0x9c000400<MD_CLEAR,IBPB,STIBP,L1DFL,SSBD>
  XSAVE Features=0x1<XSAVEOPT>
  VT-x: PAT,HLT,MTF,PAUSE,EPT,UG,VPID
  TSC: P-state invariant, performance statistics
real memory  = 8589934592 (8192 MB)
avail memory = 8201940992 (7821 MB)
Event timer "LAPIC" quality 600
ACPI APIC Table: <DELL   CBX3   >
FreeBSD/SMP: Multiprocessor System Detected: 4 CPUs
FreeBSD/SMP: 1 package(s) x 2 core(s) x 2 hardware threads
random: registering fast source Intel Secure Key Seed
random: fast provider: "Intel Secure Key Seed"
random: unblocking device.
ioapic0 <Version 2.0> irqs 0-39
Launching APs: 1 3 2
random: entropy device external interface
kbd1 at kbdmux0
efirtc0: <EFI Realtime Clock>
efirtc0: registered as a time-of-day clock, resolution 1.000000s
smbios0: <System Management BIOS> at iomem 0xf0570-0xf058e
smbios0: Entry point: v2.1 (32-bit), Version: 2.8, BCD Revision: 2.7
aesni0: <AES-CBC,AES-CCM,AES-GCM,AES-ICM,AES-XTS>
acpi0: <DELL CBX3   >
acpi0: Power Button (fixed)
cpu0: <ACPI CPU> on acpi0
hpet0: <High Precision Event Timer> iomem 0xfed00000-0xfed003ff on acpi0
Timecounter "HPET" frequency 14318180 Hz quality 950
Event timer "HPET" frequency 14318180 Hz quality 550
Event timer "HPET1" frequency 14318180 Hz quality 440
Event timer "HPET2" frequency 14318180 Hz quality 440
Event timer "HPET3" frequency 14318180 Hz quality 440
Event timer "HPET4" frequency 14318180 Hz quality 440
atrtc0: <AT realtime clock> port 0x70-0x77 irq 8 on acpi0
atrtc0: Warning: Couldn't map I/O.
atrtc0: registered as a time-of-day clock, resolution 1.000000s
Event timer "RTC" frequency 32768 Hz quality 0
attimer0: <AT timer> port 0x40-0x43,0x50-0x53 irq 0 on acpi0
Timecounter "i8254" frequency 1193182 Hz quality 0
Event timer "i8254" frequency 1193182 Hz quality 100
Timecounter "ACPI-fast" frequency 3579545 Hz quality 900
acpi_timer0: <24-bit timer at 3.579545MHz> port 0x1808-0x180b on acpi0
acpi_ec0: <Embedded Controller: GPE 0x27> port 0x930,0x934 on acpi0
pcib0: <ACPI Host-PCI bridge> port 0xcf8-0xcff on acpi0
pci0: <ACPI PCI bus> on pcib0
vgapci0: <VGA-compatible display> port 0xf000-0xf03f mem 0xf6000000-0xf6ffffff,0xe0000000-0xefffffff irq 16 at device 2.0 on pci0
vgapci0: Boot video device
xhci0: <Broadwell Integrated PCH-LP chipset USB 3.0 controller> mem 0xf7200000-0xf720ffff irq 21 at device 20.0 on pci0
xhci0: 32 bytes context size, 64-bit DMA
xhci0: xECP capabilities <PROTO,PROTO,VEND(c1),VEND(c0),LEGACY,DEBUG>
xhci0: Port routing mask set to 0xffffffff
usbus0 on xhci0
usbus0: 5.0Gbps Super Speed USB v3.0
pci0: <simple comms> at device 22.0 (no driver attached)
pcib1: <ACPI PCI-PCI bridge> irq 16 at device 28.0 on pci0
pci1: <ACPI PCI bus> on pcib1
pci1: <unknown> at device 0.0 (no driver attached)
pcib2: <ACPI PCI-PCI bridge> irq 19 at device 28.3 on pci0
pci2: <ACPI PCI bus> on pcib2
pci2: <network> at device 0.0 (no driver attached)
isab0: <PCI-ISA bridge> at device 31.0 on pci0
isa0: <ISA bus> on isab0
ahci0: <Intel Wildcat Point-LP AHCI SATA controller> port 0xf0b0-0xf0b7,0xf0a0-0xf0a3,0xf090-0xf097,0xf080-0xf083,0xf060-0xf07f mem 0xf721e000-0xf721e7ff irq 19 at device 31.2 on pci0
ahci0: AHCI v1.30 with 4 6Gbps ports, Port Multiplier not supported
ahcich3: <AHCI channel> at channel 3 on ahci0
acpi_lid0: <Control Method Lid Switch> on acpi0
acpi_button0: <Power Button> on acpi0
acpi_button1: <Sleep Button> on acpi0
acpi_acad0: <AC Adapter> on acpi0
battery0: <ACPI Control Method Battery> on acpi0
acpi_tz0: <Thermal Zone> on acpi0
acpi_tz1: <Thermal Zone> on acpi0
acpi_tz2: <Thermal Zone> on acpi0
atkbdc0: <Keyboard controller (i8042)> port 0x60,0x64 irq 1 on acpi0
atkbd0: <AT Keyboard> irq 1 on atkbdc0
kbd0 at atkbd0
atkbd0: [GIANT-LOCKED]
psm0: <PS/2 Mouse> irq 12 on atkbdc0
psm0: [GIANT-LOCKED]
WARNING: Device "psm" is Giant locked and may be deleted before FreeBSD 16.0.
psm0: model Synaptics Touchpad, device ID 3
est0: <Enhanced SpeedStep Frequency Control> on cpu0
cpufreq0: <CPU frequency control> on cpu0
cpufreq1: <CPU frequency control> on cpu1
cpufreq2: <CPU frequency control> on cpu2
cpufreq3: <CPU frequency control> on cpu3
Timecounter "TSC-low" frequency 1296997911 Hz quality 1000
Timecounters tick every 1.000 msec
ugen0.1: <Intel XHCI root HUB> at usbus0
uhub0 on usbus0
uhub0: <Intel XHCI root HUB, class 9/0, rev 3.00/1.00, addr 1> on usbus0
ZFS filesystem version: 5
ZFS storage pool version: features support (5000)
Trying to mount root from zfs:zroot/ROOT/default []...
ada0 at ahcich3 bus 0 scbus0 target 0 lun 0
ada0: <SAMSUNG SSD PM851 M.2 2280 256GB EXT25D0Q> ACS-2 ATA SATA 3.x device
ada0: Serial Number S1D3NYAG304461
ada0: 600.000MB/s transfers (SATA 3.x, UDMA6, PIO 8192bytes)
ada0: Command Queueing enabled
ada0: 244198MB (500118192 512 byte sectors)
ada0: quirks=0x3<4K,NCQ_TRIM_BROKEN>
uhub0: 15 ports with 15 removable, self powered
Root mount waiting for: usbus0
ugen0.2: <vendor 0x8087 product 0x0032> at usbus0
ugen0.3: <ELAN Touchscreen> at usbus0
usbhid0 on uhub0
usbhid0: <ELAN Touchscreen, class 0/0, rev 2.00/11.11, addr 2> on usbus0
hidbus0: <HID bus> on usbhid0
ugen0.4: <CKFEH41F301030007610 IntegratedWebcamHD> at usbus0
Root mount waiting for: usbus0
ugen0.5: <Ugreen Ugreen Storage Device> at usbus0
umass0 on uhub0
umass0: <Ugreen Ugreen Storage Device, class 0/0, rev 3.10/1.00, addr 4> on usbus0
umass0:  SCSI over Bulk-Only; quirks = 0x0
umass0:1:0: Attached to scbus1
da0 at umass-sim0 bus 0 scbus1 target 0 lun 0
da0: <WDC  WDS 250G2B0B-00YS70 0> Fixed Direct Access SPC-4 SCSI device
da0: Serial Number 20D11E80039B
da0: 400.000MB/s transfers
da0: 238475MB (488397168 512 byte sectors)
da0: quirks=0x2<NO_6_BYTE>
<118>No suitable dump device was found.
<118>Setting hostuuid: 4c4c4544-0051-4210-804e-c6c04f523332.
<118>Setting hostid: 0x6c8abe8d.
<118>swapon: /dev/da1p3: No such file or directory
<118>Starting file system checks:
<118>/dev/gpt/efiboot0: FILESYSTEM CLEAN; SKIPPING CHECKS
<118>Mounting local filesystems:.
<118>no pools available to import
<118>Loading kernel modules: i915kms
<6>[drm] Got Intel graphics stolen memory base 0xdd800000, size 0x2000000
drmn0: <drmn> on vgapci0
vgapci0: child drmn0 requested pci_enable_io
vgapci0: child drmn0 requested pci_enable_io
<6>[drm] ACPI BIOS requests an excessive sleep of 25000 ms, using 1500 ms instead
lkpi_iic0: <LinuxKPI I2C> on drmn0
iicbus0: <Philips I2C bus> on lkpi_iic0
iic0: <I2C generic I/O> on iicbus0
lkpi_iic1: <LinuxKPI I2C> on drmn0
iicbus1: <Philips I2C bus> on lkpi_iic1
iic1: <I2C generic I/O> on iicbus1
lkpi_iic2: <LinuxKPI I2C> on drmn0
iicbus2: <Philips I2C bus> on lkpi_iic2
iic2: <I2C generic I/O> on iicbus2
lkpi_iic3: <LinuxKPI I2C> on drmn0
iicbus3: <Philips I2C bus> on lkpi_iic3
iic3: <I2C generic I/O> on iicbus3
sysctl_add_oid: can't re-use a leaf (hw.dri.debug)!
lkpi_iic4: <LinuxKPI I2C> on drm1
iicbus4: <Philips I2C bus> on lkpi_iic4
iic4: <I2C generic I/O> on iicbus4
lkpi_iic5: <LinuxKPI I2C> on drm2
iicbus5: <Philips I2C bus> on lkpi_iic5
iic5: <I2C generic I/O> on iicbus5
<6>[drm] Initialized i915 1.6.0 20201103 for drmn0 on minor 0
VT: Replacing driver "efifb" with new "drmfb".
start FB_INFO:
height=1800 width=3200 depth=32
pbase=0xe0000000 vbase=0xfffff800e0000000
name=drmn0 id=i915drmfb flags=0x0 stride=12800
end FB_INFO
<118>Autoloading module: acpi_wmi
<118>Autoloading module: hmt
<118>Autoloading module: ichsmb
<118>Autoloading module: if_iwlwifi
<118>Autoloading module: if_iwx
<118>Autoloading module: ig4
<118>Autoloading module: pchtherm
<118>Autoloading module: rtsx
ichsmb0: <Intel Wildcat Point-LP SMBus controller> port 0xf040-0xf05f mem 0xf721d000-0xf721d0ff at device 31.3 on pci0
smbus0: <System Management Bus> on ichsmb0
pchtherm0: <Wildcat Point Thermal Subsystem> mem 0xf721c000-0xf721cfff at device 31.6 on pci0
rtsx0: <2.1g Realtek RTS5249 PCIe SD Card Reader> mem 0xf7100000-0xf7100fff irq 16 at device 0.0 on pci1
rtsx0: No card is detected
iwlwifi0: <iwlwifi> mem 0xf7000000-0xf7003fff irq 19 at device 0.0 on pci2
iwlwifi0: Detected crf-id 0x400410, cnv-id 0x400410 wfpm id 0x80000000
iwlwifi0: PCI dev 2725/0024, rev=0x420, rfid=0x10d000
iwlwifi0: Detected Intel(R) Wi-Fi 6E AX210 160MHz
iwlwifi0: successfully loaded firmware image 'iwlwifi-ty-a0-gf-a0-89.ucode'
iwl-debug-yoyo.bin: could not load binary firmware /boot/firmware/iwl-debug-yoyo.bin either
iwl-debug-yoyo.bin: could not load binary firmware /boot/firmware/iwl-debug-yoyo.bin either
iwl-debug-yoyo_bin: could not load binary firmware /boot/firmware/iwl-debug-yoyo_bin either
iwl_debug_yoyo_bin: could not load binary firmware /boot/firmware/iwl_debug_yoyo_bin either
iwlwifi0: loaded firmware version 89.7207fc64.0 ty-a0-gf-a0-89.ucode op_mode iwlmvm
iwlwifi0: WFPM_UMAC_PD_NOTIFICATION: 0x20
iwlwifi0: WFPM_LMAC2_PD_NOTIFICATION: 0x1f
iwlwifi0: WFPM_AUTH_KEY_0: 0x90
iwlwifi0: CNVI_SCU_SEQ_DATA_DW9: 0x0
iwlwifi0: Detected RF GF, rfid=0x10d000
iwlwifi0: successfully loaded firmware image 'iwlwifi-ty-a0-gf-a0.pnvm'
iwlwifi0: base HW address: 04:cf:4b:23:b4:3c
acpi_wmi0: <ACPI-WMI mapping> on acpi0
acpi_wmi0: Embedded MOF found
ig4iic0: <Designware I2C Controller> iomem 0xfe103000-0xfe103fff irq 7 on acpi0
ig4iic0: controller error during attach-1
device_attach: ig4iic0 attach returned 6
ig4iic0: <Designware I2C Controller> iomem 0xfe105000-0xfe105fff irq 7 on acpi0
ig4iic0: controller error during attach-1
device_attach: ig4iic0 attach returned 6
ig4iic0: <Designware I2C Controller> iomem 0xfe103000-0xfe103fff irq 7 on acpi0
ig4iic0: controller error during attach-1
device_attach: ig4iic0 attach returned 6
ig4iic0: <Designware I2C Controller> iomem 0xfe105000-0xfe105fff irq 7 on acpi0
ig4iic0: controller error during attach-1
device_attach: ig4iic0 attach returned 6
hmt0: <ELAN Touchscreen> on hidbus0
hmt0: Multitouch touchscreen with 0 external buttons
hmt0: 10 contacts with [WH] properties. Report range [0:0] - [3360:1872]
<118>Setting hostname: starlink.
<118>ELF ldconfig path: /lib /usr/lib /usr/lib/compat /usr/local/lib /usr/local/lib/compat/pkg /usr/local/lib/alsa-lib /usr/local/lib/compat/pkg /usr/local/lib/gcc14 /usr/local/lib/perl5/5.42/mach/CORE /usr/local/lib/qt6 /usr/local/lib/samba4 /usr/local/llvm19/lib /usr/local/llvm19/lib/x86_64-portbld-freebsd15.0
<118>32-bit compatibility ldconfig path: /usr/lib32 /usr/local/lib32/gcc14
<118>Setting up harvesting: PURE_RDSEED,RANDOMDEV,[CALLOUT],[UMA],[FS_ATIME],SWI,INTERRUPT,NET_NG,[NET_ETHER],NET_TUN,MOUSE,KEYBOARD,ATTACH,CACHED
<118>Feeding entropy: .
iwlwifi0: WFPM_UMAC_PD_NOTIFICATION: 0x20
iwlwifi0: WFPM_LMAC2_PD_NOTIFICATION: 0x1f
iwlwifi0: WFPM_AUTH_KEY_0: 0x90
iwlwifi0: CNVI_SCU_SEQ_DATA_DW9: 0x0
<6>wlan0: Ethernet address: 04:cf:4b:23:b4:3c
<118>Created wlan(4) interfaces: wlan0.
<6>lo0: link state changed to UP
<118>Starting wpa_supplicant.
<6>wlan0: link state changed to UP
<118>Starting Network: lo0 wlan0.
<118>lo0: flags=1008049<UP,LOOPBACK,RUNNING,MULTICAST,LOWER_UP> metric 0 mtu 16384
<118>	options=680003<RXCSUM,TXCSUM,LINKSTATE,RXCSUM_IPV6,TXCSUM_IPV6>
<118>	inet 127.0.0.1 netmask 0xff000000
<118>	inet6 ::1 prefixlen 128
<118>	inet6 fe80::1%lo0 prefixlen 64 scopeid 0x1
<118>	groups: lo
<118>	nd6 options=21<PERFORMNUD,AUTO_LINKLOCAL>
<118>wlan0: flags=8843<UP,BROADCAST,RUNNING,SIMPLEX,MULTICAST> metric 0 mtu 1500
<118>	options=0
<118>	ether 04:cf:4b:23:b4:3c
<118>	inet6 fe80::6cf:4bff:fe23:b43c%wlan0 prefixlen 64 scopeid 0x2
<118>	inet6 2a02:8011:300f:0:6cf:4bff:fe23:b43c prefixlen 64 autoconf pltime 3600 vltime 7200
<118>	inet6 fd86:46e4:b13a:0:6cf:4bff:fe23:b43c prefixlen 64 autoconf pltime 3600 vltime 7200
<118>	groups: wlan
<118>	ssid I_hear_you_having_sex channel 40 (5200 MHz 11a vht/80-) bssid 34:e1:a9:f9:ba:f6
<118>	regdomain FCC country US authmode WPA2/802.11i privacy ON
<118>	deftxkey UNDEF AES-CCM 3:128-bit AES-CCM ucast:128-bit txpower 17
<118>	bmiss 7 mcastrate 6 mgmtrate 6 scanvalid 60 ampdulimit 64k
<118>	ampdudensity 4 -amsdutx amsdurx shortgi -ldpctx ldpcrx -uapsd vht
<118>	vht40 vht80 vht160 -vht80p80 wme roaming MANUAL
<118>	parent interface: iwlwifi0
<118>	media: IEEE 802.11 Wireless Ethernet VHT mode 11ac
<118>	status: associated
<118>	nd6 options=23<PERFORMNUD,ACCEPT_RTADV,AUTO_LINKLOCAL>
Cuse v0.1.37 @ /dev/cuse
<118>Starting webcamd.
<118>Starting devd.
<118>Autoloading module: ng_ubt
ubt0 on uhub0
ubt0: <vendor 0x8087 product 0x0032, class 224/1, rev 2.01/0.00, addr 1> on usbus0
<118>Starting event7 moused.
<118>Starting dhclient.
<118>DHCPREQUEST on wlan0 to 255.255.255.255 port 67
<118>DHCPREQUEST on wlan0 to 255.255.255.255 port 67
<118>DHCPACK from 192.168.178.1
<118>bound to 192.168.178.62 -- renewal in 432000 seconds.
<118>route: message indicates error: File exists
<118>add host 127.0.0.1: gateway lo0 fib 0: route already in table
<118>route: message indicates error: File exists
<118>add host ::1: gateway lo0 fib 0: route already in table
<118>add net fe80::: gateway ::1
<118>add net ff02::: gateway ::1
<118>add net ::ffff:0.0.0.0: gateway ::1
<118>add net ::0.0.0.0: gateway ::1
<118>Updating motd:.
<118>Updating /var/run/os-release done.
<118>Clearing /tmp (X related).
<118>Creating and/or trimming log files.
<118>Starting syslogd.
<118>Mounting late filesystems:.
Security policy loaded: MAC/ntpd (mac_ntpd)
<118>Starting ntpd.
<118>Starting powerd.
<118>Starting dbus.
<118>Starting default moused.
<118>swapon: /dev/da1p3: No such file or directory
<118>Performing sanity check on sshd configuration.
<118>Starting sshd.
<118>Starting cron.
<118>Configuring vt: keymap.
<118>Starting lightdm.
<118>Starting background file system checks in 60 seconds.
<118>/etc/rc: WARNING: /usr/local/etc/smartd.conf is not readable.
<118>/etc/rc: WARNING: failed precmd routine for smartd
<118>
<118>Tue Feb 10 09:21:32 GMT 2026
drmn0: [drm] not enough stolen space for compressed buffer (need 23040000 more bytes), disabling. Hint: you may be able to increase stolen memory size in the BIOS to avoid this.
iwlwifi0: lkpi_iv_key_set: sta 34:e1:a9:f9:ba:f6 found with key information
iwlwifi0: lkpi_iv_key_set: sta 34:e1:a9:f9:ba:f6 found with key information
iwlwifi0: lkpi_iv_key_set: sta 34:e1:a9:f9:ba:f6 found with key information
iwlwifi0: lkpi_iv_key_set: sta 34:e1:a9:f9:ba:f6 found with key information
iwlwifi0: lkpi_iv_key_set: sta 34:e1:a9:f9:ba:f6 found with key information
iwlwifi0: lkpi_iv_key_set: sta 34:e1:a9:f9:ba:f6 found with key information
iwlwifi0: lkpi_iv_key_set: sta 34:e1:a9:f9:ba:f6 found with key information
<118>Feb 10 10:42:01 starlink su[3732]: BAD SU rabczukr to root on /dev/pts/0
<118>Feb 10 10:42:03 starlink su[3734]: rabczukr to root on /dev/pts/0
ig4iic0: <Designware I2C Controller> iomem 0xfe103000-0xfe103fff irq 7 on acpi0
ig4iic0: controller error during attach-1
device_attach: ig4iic0 attach returned 6
ig4iic0: <Designware I2C Controller> iomem 0xfe105000-0xfe105fff irq 7 on acpi0
ig4iic0: controller error during attach-1
device_attach: ig4iic0 attach returned 6
acpi_intel_sst0: <Intel Broadwell-U Audio DSP (SST)> iomem 0xfe000000-0xfe0fffff,0xfe100000-0xfe100fff irq 3 on acpi0
acpi_intel_sst0: Intel SST Driver v0.5.0 loading
acpi_intel_sst0: ACPI _STA: 0xf (Present Enabled Shown Functional)
acpi_intel_sst0: Called _PS0 method successfully
acpi_intel_sst0: Called _INI method successfully
acpi_intel_sst0: Parent device: \_SB_.PCI0
acpi_intel_sst0: _DSM query successful
acpi_intel_sst0: _DSM enable function called
acpi_intel_sst0: _PR0 has 1 power resources
acpi_intel_sst0:   Turned on power resource 0
acpi_intel_sst0: PCH RCBA Check:
acpi_intel_sst0:   RCBA reg (0xF0): 0xfed1c001
acpi_intel_sst0:   RCBA base: 0xfed1c000
acpi_intel_sst0:   RCBA enabled: yes
acpi_intel_sst0:   FD1 (0x3418): 0x00368011
acpi_intel_sst0:   FD2 (0x3428): 0x0000001d
acpi_intel_sst0:   ADSP is enabled in FD2
acpi_intel_sst0: GPIO Control:
acpi_intel_sst0:   LPC GPIO reg (0x48): 0x00001c01
acpi_intel_sst0:   GPIO Base: 0x00001c00
acpi_intel_sst0:   GPIO 0x4C addr: 0x00001f60
acpi_intel_sst0:   GPIO 0x4C value: 0x80000001 (bit31=1)
acpi_intel_sst0: PCI Config (BAR1): 0xfe100000, Size: 0x1000
acpi_intel_sst0: === WPT (Broadwell) Power-Up Sequence ===
acpi_intel_sst0: Step 1: VDRTCTL2 before: 0x00000fff
acpi_intel_sst0: Step 2: PMCS before: 0x0000000b (D3)
acpi_intel_sst0:   PMCS after: 0x00000008 (D0)
acpi_intel_sst0: Step 3: VDRTCTL0 before: 0x00000001
acpi_intel_sst0: Step 4: VDRTCTL0 after SRAM on: 0x00000003
acpi_intel_sst0: Step 5: VDRTCTL2 before PLL: 0x00000ffd
acpi_intel_sst0: Step 6: VDRTCTL2 after: 0x00000bfd
acpi_intel_sst0: === Power-Up Complete ===
acpi_intel_sst0:   VDRTCTL0: 0x00000003
acpi_intel_sst0:   VDRTCTL2: 0x00000bff
acpi_intel_sst0:   PMCS:     0x00000008
acpi_intel_sst0: Step 8: Extended PCI config dump...
acpi_intel_sst0:   IMC (0xE4): 0x00000000
acpi_intel_sst0:   IMD (0xEC): 0x00000000
acpi_intel_sst0:   IPCC (0xE0): 0x00000000
acpi_intel_sst0:   IPCD (0xE8): 0x00000000
acpi_intel_sst0: Step 9: Clearing interrupt masks...
acpi_intel_sst0:   IMC before: 0x00000000
acpi_intel_sst0:   IMC after: 0x00000000
acpi_intel_sst0: Step 10: Setting IMD default...
acpi_intel_sst0:   IMD before: 0x00000000
acpi_intel_sst0:   IMD after: 0x00000000
acpi_intel_sst0: PCI Config Space (via BAR1 mirror):
acpi_intel_sst0:   DevID/VenID: 0x9cb68086
acpi_intel_sst0:   Status/Cmd:  0x00100006
acpi_intel_sst0:   Class/Rev:   0x04010003
acpi_intel_sst0:   PCI BAR0:    0xfe000000
acpi_intel_sst0:   PCI BAR1:    0xfe100000
acpi_intel_sst0:   Final BAR0:  0xfe000000
acpi_intel_sst0: Testing BAR0 @ 0xfe000000 directly...
acpi_intel_sst0: Direct mapping successful!
acpi_intel_sst0:   Direct BAR0[0]: 0xffffffff
acpi_intel_sst0: DSP Memory (BAR0): 0xfe000000, Size: 0x100000
acpi_intel_sst0: Probing DSP memory layout:
acpi_intel_sst0:   BAR0+0x00000 (IRAM): 0xffffffff
acpi_intel_sst0:   BAR0+0x80000 (DRAM): 0xffffffff
acpi_intel_sst0:   BAR0+0xC0000 (SHIM): 0xffffffff
acpi_intel_sst0:   BAR0+0xE0000 (MBOX): 0xffffffff
acpi_intel_sst0:   BAR1+0x00 (SHIM mirror?): 0x9cb68086
acpi_intel_sst0: SHIM Register Dump (BAR0+0xc0000):
acpi_intel_sst0:   CSR : 0xffffffff
acpi_intel_sst0:   IPCX: 0xffffffff
acpi_intel_sst0:   PISR: 0xffffffff
acpi_intel_sst0:   IMRX: 0xffffffff
acpi_intel_sst0: Error: Registers read 0xFFFFFFFF
device_attach: acpi_intel_sst0 attach returned 6
iwlwifi0: lkpi_iv_key_set: sta 34:e1:a9:f9:ba:f6 found with key information
<118>Feb 10 10:45:23 starlink reboot[3852]: rebooted by rabczukr
<118>Feb 10 10:45:23 starlink syslogd: exiting on signal 15
<6>wlan0: link state changed to DOWN
Waiting (max 60 seconds) for system process `vnlru' to stop... done
Waiting (max 60 seconds) for system process `syncer' to stop... 
Syncing disks, vnodes remaining... 0 done
All buffers synced.
Uptime: 1h24m28s
ubt0: detached
hmt0: detached
hidbus0: detached
usbhid0: detached
umass0: detached
uhub0: detached
---<<BOOT>>---
Copyright (c) 1992-2025 The FreeBSD Project.
Copyright (c) 1979, 1980, 1983, 1986, 1988, 1989, 1991, 1992, 1993, 1994
	The Regents of the University of California. All rights reserved.
FreeBSD is a registered trademark of The FreeBSD Foundation.
FreeBSD 15.0-RELEASE-p2 GENERIC amd64
FreeBSD clang version 19.1.7 (https://github.com/llvm/llvm-project.git llvmorg-19.1.7-0-gcd708029e0b2)
VT(efifb): resolution 3200x1800
CPU: Intel(R) Core(TM) i7-5600U CPU @ 2.60GHz (2594.15-MHz K8-class CPU)
  Origin="GenuineIntel"  Id=0x306d4  Family=0x6  Model=0x3d  Stepping=4
  Features=0xbfebfbff<FPU,VME,DE,PSE,TSC,MSR,PAE,MCE,CX8,APIC,SEP,MTRR,PGE,MCA,CMOV,PAT,PSE36,CLFLUSH,DTS,ACPI,MMX,FXSR,SSE,SSE2,SS,HTT,TM,PBE>
  Features2=0x7ffafbff<SSE3,PCLMULQDQ,DTES64,MON,DS_CPL,VMX,SMX,EST,TM2,SSSE3,SDBG,FMA,CX16,xTPR,PDCM,PCID,SSE4.1,SSE4.2,x2APIC,MOVBE,POPCNT,TSCDLT,AESNI,XSAVE,OSXSAVE,AVX,F16C,RDRAND>
  AMD Features=0x2c100800<SYSCALL,NX,Page1GB,RDTSCP,LM>
  AMD Features2=0x121<LAHF,ABM,Prefetch>
  Structured Extended Features=0x21c2fbb<FSGSBASE,TSCADJ,BMI1,HLE,AVX2,SMEP,BMI2,ERMS,INVPCID,RTM,NFPUSG,RDSEED,ADX,SMAP,PROCTRACE>
  Structured Extended Features3=0x9c000400<MD_CLEAR,IBPB,STIBP,L1DFL,SSBD>
  XSAVE Features=0x1<XSAVEOPT>
  VT-x: PAT,HLT,MTF,PAUSE,EPT,UG,VPID
  TSC: P-state invariant, performance statistics
real memory  = 8589934592 (8192 MB)
avail memory = 8201940992 (7821 MB)
Event timer "LAPIC" quality 600
ACPI APIC Table: <DELL   CBX3   >
FreeBSD/SMP: Multiprocessor System Detected: 4 CPUs
FreeBSD/SMP: 1 package(s) x 2 core(s) x 2 hardware threads
random: registering fast source Intel Secure Key Seed
random: fast provider: "Intel Secure Key Seed"
random: unblocking device.
ioapic0 <Version 2.0> irqs 0-39
Launching APs: 1 3 2
random: entropy device external interface
kbd1 at kbdmux0
efirtc0: <EFI Realtime Clock>
efirtc0: registered as a time-of-day clock, resolution 1.000000s
smbios0: <System Management BIOS> at iomem 0xf0570-0xf058e
smbios0: Entry point: v2.1 (32-bit), Version: 2.8, BCD Revision: 2.7
aesni0: <AES-CBC,AES-CCM,AES-GCM,AES-ICM,AES-XTS>
acpi0: <DELL CBX3   >
acpi0: Power Button (fixed)
cpu0: <ACPI CPU> on acpi0
hpet0: <High Precision Event Timer> iomem 0xfed00000-0xfed003ff on acpi0
Timecounter "HPET" frequency 14318180 Hz quality 950
Event timer "HPET" frequency 14318180 Hz quality 550
Event timer "HPET1" frequency 14318180 Hz quality 440
Event timer "HPET2" frequency 14318180 Hz quality 440
Event timer "HPET3" frequency 14318180 Hz quality 440
Event timer "HPET4" frequency 14318180 Hz quality 440
atrtc0: <AT realtime clock> port 0x70-0x77 irq 8 on acpi0
atrtc0: Warning: Couldn't map I/O.
atrtc0: registered as a time-of-day clock, resolution 1.000000s
Event timer "RTC" frequency 32768 Hz quality 0
attimer0: <AT timer> port 0x40-0x43,0x50-0x53 irq 0 on acpi0
Timecounter "i8254" frequency 1193182 Hz quality 0
Event timer "i8254" frequency 1193182 Hz quality 100
Timecounter "ACPI-fast" frequency 3579545 Hz quality 900
acpi_timer0: <24-bit timer at 3.579545MHz> port 0x1808-0x180b on acpi0
acpi_ec0: <Embedded Controller: GPE 0x27> port 0x930,0x934 on acpi0
pcib0: <ACPI Host-PCI bridge> port 0xcf8-0xcff on acpi0
pci0: <ACPI PCI bus> on pcib0
vgapci0: <VGA-compatible display> port 0xf000-0xf03f mem 0xf6000000-0xf6ffffff,0xe0000000-0xefffffff irq 16 at device 2.0 on pci0
vgapci0: Boot video device
xhci0: <Broadwell Integrated PCH-LP chipset USB 3.0 controller> mem 0xf7200000-0xf720ffff irq 21 at device 20.0 on pci0
xhci0: 32 bytes context size, 64-bit DMA
xhci0: xECP capabilities <PROTO,PROTO,VEND(c1),VEND(c0),LEGACY,DEBUG>
xhci0: Port routing mask set to 0xffffffff
usbus0 on xhci0
usbus0: 5.0Gbps Super Speed USB v3.0
pci0: <simple comms> at device 22.0 (no driver attached)
pcib1: <ACPI PCI-PCI bridge> irq 16 at device 28.0 on pci0
pci1: <ACPI PCI bus> on pcib1
pci1: <unknown> at device 0.0 (no driver attached)
pcib2: <ACPI PCI-PCI bridge> irq 19 at device 28.3 on pci0
pci2: <ACPI PCI bus> on pcib2
pci2: <network> at device 0.0 (no driver attached)
isab0: <PCI-ISA bridge> at device 31.0 on pci0
isa0: <ISA bus> on isab0
ahci0: <Intel Wildcat Point-LP AHCI SATA controller> port 0xf0b0-0xf0b7,0xf0a0-0xf0a3,0xf090-0xf097,0xf080-0xf083,0xf060-0xf07f mem 0xf721e000-0xf721e7ff irq 19 at device 31.2 on pci0
ahci0: AHCI v1.30 with 4 6Gbps ports, Port Multiplier not supported
ahcich3: <AHCI channel> at channel 3 on ahci0
acpi_lid0: <Control Method Lid Switch> on acpi0
acpi_button0: <Power Button> on acpi0
acpi_button1: <Sleep Button> on acpi0
acpi_acad0: <AC Adapter> on acpi0
battery0: <ACPI Control Method Battery> on acpi0
acpi_tz0: <Thermal Zone> on acpi0
acpi_tz1: <Thermal Zone> on acpi0
acpi_tz2: <Thermal Zone> on acpi0
atkbdc0: <Keyboard controller (i8042)> port 0x60,0x64 irq 1 on acpi0
atkbd0: <AT Keyboard> irq 1 on atkbdc0
kbd0 at atkbd0
atkbd0: [GIANT-LOCKED]
psm0: <PS/2 Mouse> irq 12 on atkbdc0
psm0: [GIANT-LOCKED]
WARNING: Device "psm" is Giant locked and may be deleted before FreeBSD 16.0.
psm0: model Synaptics Touchpad, device ID 3
est0: <Enhanced SpeedStep Frequency Control> on cpu0
cpufreq0: <CPU frequency control> on cpu0
cpufreq1: <CPU frequency control> on cpu1
cpufreq2: <CPU frequency control> on cpu2
cpufreq3: <CPU frequency control> on cpu3
Timecounter "TSC-low" frequency 1296997285 Hz quality 1000
Timecounters tick every 1.000 msec
ugen0.1: <Intel XHCI root HUB> at usbus0
uhub0 on usbus0
uhub0: <Intel XHCI root HUB, class 9/0, rev 3.00/1.00, addr 1> on usbus0
ZFS filesystem version: 5
ZFS storage pool version: features support (5000)
Trying to mount root from zfs:zroot/ROOT/default []...
ada0 at ahcich3 bus 0 scbus0 target 0 lun 0
ada0: <SAMSUNG SSD PM851 M.2 2280 256GB EXT25D0Q> ACS-2 ATA SATA 3.x device
ada0: Serial Number S1D3NYAG304461
ada0: 600.000MB/s transfers (SATA 3.x, UDMA6, PIO 8192bytes)
ada0: Command Queueing enabled
ada0: 244198MB (500118192 512 byte sectors)
ada0: quirks=0x3<4K,NCQ_TRIM_BROKEN>
uhub0: 15 ports with 15 removable, self powered
Root mount waiting for: usbus0
ugen0.2: <vendor 0x8087 product 0x0032> at usbus0
ugen0.3: <ELAN Touchscreen> at usbus0
usbhid0 on uhub0
usbhid0: <ELAN Touchscreen, class 0/0, rev 2.00/11.11, addr 2> on usbus0
hidbus0: <HID bus> on usbhid0
ugen0.4: <CKFEH41F301030007610 IntegratedWebcamHD> at usbus0
Root mount waiting for: usbus0
ugen0.5: <Ugreen Ugreen Storage Device> at usbus0
umass0 on uhub0
umass0: <Ugreen Ugreen Storage Device, class 0/0, rev 3.10/1.00, addr 4> on usbus0
umass0:  SCSI over Bulk-Only; quirks = 0x0
umass0:1:0: Attached to scbus1
da0 at umass-sim0 bus 0 scbus1 target 0 lun 0
da0: <WDC  WDS 250G2B0B-00YS70 0> Fixed Direct Access SPC-4 SCSI device
da0: Serial Number 20D11E80039B
da0: 400.000MB/s transfers
da0: 238475MB (488397168 512 byte sectors)
da0: quirks=0x2<NO_6_BYTE>
<118>No suitable dump device was found.
<118>Setting hostuuid: 4c4c4544-0051-4210-804e-c6c04f523332.
<118>Setting hostid: 0x6c8abe8d.
<118>swapon: /dev/da1p3: No such file or directory
<118>Starting file system checks:
<118>/dev/gpt/efiboot0: FILESYSTEM CLEAN; SKIPPING CHECKS
<118>Mounting local filesystems:.
<118>no pools available to import
<118>Loading kernel modules: i915kms
<6>[drm] Got Intel graphics stolen memory base 0xdd800000, size 0x2000000
drmn0: <drmn> on vgapci0
vgapci0: child drmn0 requested pci_enable_io
vgapci0: child drmn0 requested pci_enable_io
<6>[drm] ACPI BIOS requests an excessive sleep of 25000 ms, using 1500 ms instead
lkpi_iic0: <LinuxKPI I2C> on drmn0
iicbus0: <Philips I2C bus> on lkpi_iic0
iic0: <I2C generic I/O> on iicbus0
lkpi_iic1: <LinuxKPI I2C> on drmn0
iicbus1: <Philips I2C bus> on lkpi_iic1
iic1: <I2C generic I/O> on iicbus1
lkpi_iic2: <LinuxKPI I2C> on drmn0
iicbus2: <Philips I2C bus> on lkpi_iic2
iic2: <I2C generic I/O> on iicbus2
lkpi_iic3: <LinuxKPI I2C> on drmn0
iicbus3: <Philips I2C bus> on lkpi_iic3
iic3: <I2C generic I/O> on iicbus3
sysctl_add_oid: can't re-use a leaf (hw.dri.debug)!
lkpi_iic4: <LinuxKPI I2C> on drm1
iicbus4: <Philips I2C bus> on lkpi_iic4
iic4: <I2C generic I/O> on iicbus4
lkpi_iic5: <LinuxKPI I2C> on drm2
iicbus5: <Philips I2C bus> on lkpi_iic5
iic5: <I2C generic I/O> on iicbus5
<6>[drm] Initialized i915 1.6.0 20201103 for drmn0 on minor 0
VT: Replacing driver "efifb" with new "drmfb".
start FB_INFO:
height=1800 width=3200 depth=32
pbase=0xe0000000 vbase=0xfffff800e0000000
name=drmn0 id=i915drmfb flags=0x0 stride=12800
end FB_INFO
<118>Autoloading module: acpi_wmi
<118>Autoloading module: hmt
<118>Autoloading module: ichsmb
<118>Autoloading module: if_iwlwifi
<118>Autoloading module: if_iwx
<118>Autoloading module: ig4
<118>Autoloading module: pchtherm
<118>Autoloading module: rtsx
ichsmb0: <Intel Wildcat Point-LP SMBus controller> port 0xf040-0xf05f mem 0xf721d000-0xf721d0ff at device 31.3 on pci0
smbus0: <System Management Bus> on ichsmb0
pchtherm0: <Wildcat Point Thermal Subsystem> mem 0xf721c000-0xf721cfff at device 31.6 on pci0
rtsx0: <2.1g Realtek RTS5249 PCIe SD Card Reader> mem 0xf7100000-0xf7100fff irq 16 at device 0.0 on pci1
rtsx0: No card is detected
iwlwifi0: <iwlwifi> mem 0xf7000000-0xf7003fff irq 19 at device 0.0 on pci2
iwlwifi0: Detected crf-id 0x400410, cnv-id 0x400410 wfpm id 0x80000000
iwlwifi0: PCI dev 2725/0024, rev=0x420, rfid=0x10d000
iwlwifi0: Detected Intel(R) Wi-Fi 6E AX210 160MHz
iwlwifi0: successfully loaded firmware image 'iwlwifi-ty-a0-gf-a0-89.ucode'
iwl-debug-yoyo.bin: could not load binary firmware /boot/firmware/iwl-debug-yoyo.bin either
iwl-debug-yoyo.bin: could not load binary firmware /boot/firmware/iwl-debug-yoyo.bin either
iwl-debug-yoyo_bin: could not load binary firmware /boot/firmware/iwl-debug-yoyo_bin either
iwl_debug_yoyo_bin: could not load binary firmware /boot/firmware/iwl_debug_yoyo_bin either
iwlwifi0: loaded firmware version 89.7207fc64.0 ty-a0-gf-a0-89.ucode op_mode iwlmvm
iwlwifi0: WFPM_UMAC_PD_NOTIFICATION: 0x20
iwlwifi0: WFPM_LMAC2_PD_NOTIFICATION: 0x1f
iwlwifi0: WFPM_AUTH_KEY_0: 0x90
iwlwifi0: CNVI_SCU_SEQ_DATA_DW9: 0x0
iwlwifi0: Detected RF GF, rfid=0x10d000
iwlwifi0: successfully loaded firmware image 'iwlwifi-ty-a0-gf-a0.pnvm'
iwlwifi0: base HW address: 04:cf:4b:23:b4:3c
acpi_wmi0: <ACPI-WMI mapping> on acpi0
acpi_wmi0: Embedded MOF found
ig4iic0: <Designware I2C Controller> iomem 0xfe103000-0xfe103fff irq 7 on acpi0
ig4iic0: controller error during attach-1
device_attach: ig4iic0 attach returned 6
ig4iic0: <Designware I2C Controller> iomem 0xfe105000-0xfe105fff irq 7 on acpi0
ig4iic0: controller error during attach-1
device_attach: ig4iic0 attach returned 6
ig4iic0: <Designware I2C Controller> iomem 0xfe103000-0xfe103fff irq 7 on acpi0
ig4iic0: controller error during attach-1
device_attach: ig4iic0 attach returned 6
ig4iic0: <Designware I2C Controller> iomem 0xfe105000-0xfe105fff irq 7 on acpi0
ig4iic0: controller error during attach-1
device_attach: ig4iic0 attach returned 6
hmt0: <ELAN Touchscreen> on hidbus0
hmt0: Multitouch touchscreen with 0 external buttons
hmt0: 10 contacts with [WH] properties. Report range [0:0] - [3360:1872]
<118>Setting hostname: starlink.
<118>ELF ldconfig path: /lib /usr/lib /usr/lib/compat /usr/local/lib /usr/local/lib/compat/pkg /usr/local/lib/alsa-lib /usr/local/lib/compat/pkg /usr/local/lib/gcc14 /usr/local/lib/perl5/5.42/mach/CORE /usr/local/lib/qt6 /usr/local/lib/samba4 /usr/local/llvm19/lib /usr/local/llvm19/lib/x86_64-portbld-freebsd15.0
<118>32-bit compatibility ldconfig path: /usr/lib32 /usr/local/lib32/gcc14
<118>Setting up harvesting: PURE_RDSEED,RANDOMDEV,[CALLOUT],[UMA],[FS_ATIME],SWI,INTERRUPT,NET_NG,[NET_ETHER],NET_TUN,MOUSE,KEYBOARD,ATTACH,CACHED
<118>Feeding entropy: .
iwlwifi0: WFPM_UMAC_PD_NOTIFICATION: 0x20
iwlwifi0: WFPM_LMAC2_PD_NOTIFICATION: 0x1f
iwlwifi0: WFPM_AUTH_KEY_0: 0x90
iwlwifi0: CNVI_SCU_SEQ_DATA_DW9: 0x0
<6>wlan0: Ethernet address: 04:cf:4b:23:b4:3c
<118>Created wlan(4) interfaces: wlan0.
<6>lo0: link state changed to UP
<118>Starting wpa_supplicant.
<6>wlan0: link state changed to UP
<118>Starting Network: lo0 wlan0.
<118>lo0: flags=1008049<UP,LOOPBACK,RUNNING,MULTICAST,LOWER_UP> metric 0 mtu 16384
<118>	options=680003<RXCSUM,TXCSUM,LINKSTATE,RXCSUM_IPV6,TXCSUM_IPV6>
<118>	inet 127.0.0.1 netmask 0xff000000
<118>	inet6 ::1 prefixlen 128
<118>	inet6 fe80::1%lo0 prefixlen 64 scopeid 0x1
<118>	groups: lo
<118>	nd6 options=21<PERFORMNUD,AUTO_LINKLOCAL>
<118>wlan0: flags=8843<UP,BROADCAST,RUNNING,SIMPLEX,MULTICAST> metric 0 mtu 1500
<118>	options=0
<118>	ether 04:cf:4b:23:b4:3c
<118>	inet6 fe80::6cf:4bff:fe23:b43c%wlan0 prefixlen 64 scopeid 0x2
<118>	inet6 2a02:8011:300f:0:6cf:4bff:fe23:b43c prefixlen 64 autoconf pltime 3600 vltime 7200
<118>	inet6 fd86:46e4:b13a:0:6cf:4bff:fe23:b43c prefixlen 64 autoconf pltime 3600 vltime 7200
<118>	groups: wlan
<118>	ssid I_hear_you_having_sex channel 11 (2462 MHz 11g ht/20) bssid 34:e1:a9:f9:ba:f5
<118>	regdomain FCC country US authmode WPA2/802.11i privacy ON
<118>	deftxkey UNDEF AES-CCM 2:128-bit AES-CCM ucast:128-bit txpower 30
<118>	bmiss 7 scanvalid 60 protmode CTS ampdulimit 64k ampdudensity 4
<118>	-amsdutx amsdurx shortgi -ldpctx ldpcrx -uapsd wme roaming MANUAL
<118>	parent interface: iwlwifi0
<118>	media: IEEE 802.11 Wireless Ethernet MCS mode 11ng
<118>	status: associated
<118>	nd6 options=23<PERFORMNUD,ACCEPT_RTADV,AUTO_LINKLOCAL>
Cuse v0.1.37 @ /dev/cuse
<118>Starting webcamd.
<118>Starting devd.
<118>Autoloading module: ng_ubt
ubt0 on uhub0
ubt0: <vendor 0x8087 product 0x0032, class 224/1, rev 2.01/0.00, addr 1> on usbus0
<118>Starting event7 moused.
<118>Starting dhclient.
<118>DHCPREQUEST on wlan0 to 255.255.255.255 port 67
<118>DHCPREQUEST on wlan0 to 255.255.255.255 port 67
<118>DHCPACK from 192.168.178.1
<118>bound to 192.168.178.62 -- renewal in 432000 seconds.
<118>route: message indicates error: File exists
<118>add host 127.0.0.1: gateway lo0 fib 0: route already in table
<118>route: message indicates error: File exists
<118>add host ::1: gateway lo0 fib 0: route already in table
<118>add net fe80::: gateway ::1
<118>add net ff02::: gateway ::1
<118>add net ::ffff:0.0.0.0: gateway ::1
<118>add net ::0.0.0.0: gateway ::1
<118>Updating motd:.
<118>Updating /var/run/os-release done.
<118>Clearing /tmp (X related).
<118>Creating and/or trimming log files.
<118>Starting syslogd.
<118>Mounting late filesystems:.
Security policy loaded: MAC/ntpd (mac_ntpd)
<118>Starting ntpd.
<118>Starting powerd.
<118>Starting dbus.
<118>Starting default moused.
<118>swapon: /dev/da1p3: No such file or directory
<118>Performing sanity check on sshd configuration.
<118>Starting sshd.
<118>Starting cron.
<118>Configuring vt: keymap.
<118>Starting lightdm.
<118>Starting background file system checks in 60 seconds.
<118>/etc/rc: WARNING: /usr/local/etc/smartd.conf is not readable.
<118>/etc/rc: WARNING: failed precmd routine for smartd
<118>
<118>Tue Feb 10 10:46:20 GMT 2026
drmn0: [drm] not enough stolen space for compressed buffer (need 23040000 more bytes), disabling. Hint: you may be able to increase stolen memory size in the BIOS to avoid this.
<118>Feb 10 10:46:37 starlink su[3633]: rabczukr to root on /dev/pts/0
ig4iic0: <Designware I2C Controller> iomem 0xfe103000-0xfe103fff irq 7 on acpi0
ig4iic0: controller error during attach-1
device_attach: ig4iic0 attach returned 6
ig4iic0: <Designware I2C Controller> iomem 0xfe105000-0xfe105fff irq 7 on acpi0
ig4iic0: controller error during attach-1
device_attach: ig4iic0 attach returned 6
acpi_intel_sst0: <Intel Broadwell-U Audio DSP (SST)> iomem 0xfe000000-0xfe0fffff,0xfe100000-0xfe100fff irq 3 on acpi0
acpi_intel_sst0: Intel SST Driver v0.5.0 loading
acpi_intel_sst0: ACPI _STA: 0xf (Present Enabled Shown Functional)
acpi_intel_sst0: Called _PS0 method successfully
acpi_intel_sst0: Called _INI method successfully
acpi_intel_sst0: Parent device: \_SB_.PCI0
acpi_intel_sst0: _DSM query successful
acpi_intel_sst0: _DSM enable function called
acpi_intel_sst0: _PR0 has 1 power resources
acpi_intel_sst0:   Turned on power resource 0
acpi_intel_sst0: PCH RCBA Check:
acpi_intel_sst0:   RCBA reg (0xF0): 0xfed1c001
acpi_intel_sst0:   RCBA base: 0xfed1c000
acpi_intel_sst0:   RCBA enabled: yes
acpi_intel_sst0:   FD1 (0x3418): 0x00368011
acpi_intel_sst0:   FD2 (0x3428): 0x0000001d
acpi_intel_sst0:   ADSP is enabled in FD2
acpi_intel_sst0: GPIO Control:
acpi_intel_sst0:   LPC GPIO reg (0x48): 0x00001c01
acpi_intel_sst0:   GPIO Base: 0x00001c00
acpi_intel_sst0:   GPIO 0x4C addr: 0x00001f60
acpi_intel_sst0:   GPIO 0x4C value: 0x80000001 (bit31=1)
acpi_intel_sst0: PCI Config (BAR1): 0xfe100000, Size: 0x1000
acpi_intel_sst0: === WPT (Broadwell) Power-Up Sequence ===
acpi_intel_sst0: Step 1: VDRTCTL2 before: 0x00000fff
acpi_intel_sst0: Step 2: PMCS before: 0x0000000b (D3)
acpi_intel_sst0:   PMCS after: 0x00000008 (D0)
acpi_intel_sst0: Step 3: VDRTCTL0 before: 0x00000001
acpi_intel_sst0: Step 4: VDRTCTL0 after SRAM on: 0x00000003
acpi_intel_sst0: Step 5: VDRTCTL2 before PLL: 0x00000ffd
acpi_intel_sst0: Step 6: VDRTCTL2 after: 0x00000bfd
acpi_intel_sst0: === Power-Up Complete ===
acpi_intel_sst0:   VDRTCTL0: 0x00000003
acpi_intel_sst0:   VDRTCTL2: 0x00000bff
acpi_intel_sst0:   PMCS:     0x00000008
acpi_intel_sst0: Step 8: Extended PCI config dump...
acpi_intel_sst0:   IMC (0xE4): 0x00000000
acpi_intel_sst0:   IMD (0xEC): 0x00000000
acpi_intel_sst0:   IPCC (0xE0): 0x00000000
acpi_intel_sst0:   IPCD (0xE8): 0x00000000
acpi_intel_sst0: Step 9: Clearing interrupt masks...
acpi_intel_sst0:   IMC before: 0x00000000
acpi_intel_sst0:   IMC after: 0x00000000
acpi_intel_sst0: Step 10: Setting IMD default...
acpi_intel_sst0:   IMD before: 0x00000000
acpi_intel_sst0:   IMD after: 0x00000000
acpi_intel_sst0: PCI Config Space (via BAR1 mirror):
acpi_intel_sst0:   DevID/VenID: 0x9cb68086
acpi_intel_sst0:   Status/Cmd:  0x00100006
acpi_intel_sst0:   Class/Rev:   0x04010003
acpi_intel_sst0:   PCI BAR0:    0xfe000000
acpi_intel_sst0:   PCI BAR1:    0xfe100000
acpi_intel_sst0:   Final BAR0:  0xfe000000
acpi_intel_sst0: Testing BAR0 @ 0xfe000000 directly...
acpi_intel_sst0: Direct mapping successful!
acpi_intel_sst0:   Direct BAR0[0]: 0xffffffff
acpi_intel_sst0: DSP Memory (BAR0): 0xfe000000, Size: 0x100000
acpi_intel_sst0: Probing DSP memory layout:
acpi_intel_sst0:   BAR0+0x00000 (IRAM): 0xffffffff
acpi_intel_sst0:   BAR0+0x80000 (DRAM): 0xffffffff
acpi_intel_sst0:   BAR0+0xC0000 (SHIM): 0xffffffff
acpi_intel_sst0:   BAR0+0xE0000 (MBOX): 0xffffffff
acpi_intel_sst0:   BAR1+0x00 (SHIM mirror?): 0x9cb68086
acpi_intel_sst0: SHIM Register Dump (BAR0+0xc0000):
acpi_intel_sst0:   CSR : 0xffffffff
acpi_intel_sst0:   IPCX: 0xffffffff
acpi_intel_sst0:   PISR: 0xffffffff
acpi_intel_sst0:   IMRX: 0xffffffff
acpi_intel_sst0: Error: Registers read 0xFFFFFFFF
device_attach: acpi_intel_sst0 attach returned 6
<118>Feb 10 10:50:39 starlink reboot[3740]: rebooted by rabczukr
<118>Feb 10 10:50:39 starlink syslogd: exiting on signal 15
<6>wlan0: link state changed to DOWN
Waiting (max 60 seconds) for system process `vnlru' to stop... done
Waiting (max 60 seconds) for system process `syncer' to stop... 
Syncing disks, vnodes remaining... 0 0 done
All buffers synced.
Uptime: 4m51s
ubt0: detached
hmt0: detached
hidbus0: detached
usbhid0: detached
umass0: detached
uhub0: detached
---<<BOOT>>---
Copyright (c) 1992-2025 The FreeBSD Project.
Copyright (c) 1979, 1980, 1983, 1986, 1988, 1989, 1991, 1992, 1993, 1994
	The Regents of the University of California. All rights reserved.
FreeBSD is a registered trademark of The FreeBSD Foundation.
FreeBSD 15.0-RELEASE-p2 GENERIC amd64
FreeBSD clang version 19.1.7 (https://github.com/llvm/llvm-project.git llvmorg-19.1.7-0-gcd708029e0b2)
VT(efifb): resolution 3200x1800
CPU: Intel(R) Core(TM) i7-5600U CPU @ 2.60GHz (2594.07-MHz K8-class CPU)
  Origin="GenuineIntel"  Id=0x306d4  Family=0x6  Model=0x3d  Stepping=4
  Features=0xbfebfbff<FPU,VME,DE,PSE,TSC,MSR,PAE,MCE,CX8,APIC,SEP,MTRR,PGE,MCA,CMOV,PAT,PSE36,CLFLUSH,DTS,ACPI,MMX,FXSR,SSE,SSE2,SS,HTT,TM,PBE>
  Features2=0x7ffafbff<SSE3,PCLMULQDQ,DTES64,MON,DS_CPL,VMX,SMX,EST,TM2,SSSE3,SDBG,FMA,CX16,xTPR,PDCM,PCID,SSE4.1,SSE4.2,x2APIC,MOVBE,POPCNT,TSCDLT,AESNI,XSAVE,OSXSAVE,AVX,F16C,RDRAND>
  AMD Features=0x2c100800<SYSCALL,NX,Page1GB,RDTSCP,LM>
  AMD Features2=0x121<LAHF,ABM,Prefetch>
  Structured Extended Features=0x21c2fbb<FSGSBASE,TSCADJ,BMI1,HLE,AVX2,SMEP,BMI2,ERMS,INVPCID,RTM,NFPUSG,RDSEED,ADX,SMAP,PROCTRACE>
  Structured Extended Features3=0x9c000400<MD_CLEAR,IBPB,STIBP,L1DFL,SSBD>
  XSAVE Features=0x1<XSAVEOPT>
  VT-x: PAT,HLT,MTF,PAUSE,EPT,UG,VPID
